10:18:41 **** Build of configuration Debug for project lecture1 ****
make -j4 all 
arm-none-eabi-gcc "../Drivers/STM32F0xx_HAL_Driver/Src/stm32f0xx_ll_dma.c" -mcpu=cortex-m0 -std=gnu11 -g3 -DDEBUG -DSTM32F030x8 -DUSE_FULL_LL_DRIVER -DHSE_VALUE=8000000 -DHSE_STARTUP_TIMEOUT=100 -DLSE_STARTUP_TIMEOUT=5000 -DLSE_VALUE=32768 -DHSI_VALUE=8000000 -DLSI_VALUE=40000 -DVDD_VALUE=3300 -DPREFETCH_ENABLE=1 -DINSTRUCTION_CACHE_ENABLE=0 -DDATA_CACHE_ENABLE=0 -c -I../Core/Inc -I../Drivers/STM32F0xx_HAL_Driver/Inc -I../Drivers/CMSIS/Device/ST/STM32F0xx/Include -I../Drivers/CMSIS/Include -O0 -ffunction-sections -fdata-sections -Wall -fstack-usage -fcyclomatic-complexity -MMD -MP -MF"Drivers/STM32F0xx_HAL_Driver/Src/stm32f0xx_ll_dma.d" -MT"Drivers/STM32F0xx_HAL_Driver/Src/stm32f0xx_ll_dma.o" --specs=nano.specs -mfloat-abi=soft -mthumb -o "Drivers/STM32F0xx_HAL_Driver/Src/stm32f0xx_ll_dma.o"
arm-none-eabi-gcc "../Drivers/STM32F0xx_HAL_Driver/Src/stm32f0xx_ll_exti.c" -mcpu=cortex-m0 -std=gnu11 -g3 -DDEBUG -DSTM32F030x8 -DUSE_FULL_LL_DRIVER -DHSE_VALUE=8000000 -DHSE_STARTUP_TIMEOUT=100 -DLSE_STARTUP_TIMEOUT=5000 -DLSE_VALUE=32768 -DHSI_VALUE=8000000 -DLSI_VALUE=40000 -DVDD_VALUE=3300 -DPREFETCH_ENABLE=1 -DINSTRUCTION_CACHE_ENABLE=0 -DDATA_CACHE_ENABLE=0 -c -I../Core/Inc -I../Drivers/STM32F0xx_HAL_Driver/Inc -I../Drivers/CMSIS/Device/ST/STM32F0xx/Include -I../Drivers/CMSIS/Include -O0 -ffunction-sections -fdata-sections -Wall -fstack-usage -fcyclomatic-complexity -MMD -MP -MF"Drivers/STM32F0xx_HAL_Driver/Src/stm32f0xx_ll_exti.d" -MT"Drivers/STM32F0xx_HAL_Driver/Src/stm32f0xx_ll_exti.o" --specs=nano.specs -mfloat-abi=soft -mthumb -o "Drivers/STM32F0xx_HAL_Driver/Src/stm32f0xx_ll_exti.o"
arm-none-eabi-gcc "../Drivers/STM32F0xx_HAL_Driver/Src/stm32f0xx_ll_gpio.c" -mcpu=cortex-m0 -std=gnu11 -g3 -DDEBUG -DSTM32F030x8 -DUSE_FULL_LL_DRIVER -DHSE_VALUE=8000000 -DHSE_STARTUP_TIMEOUT=100 -DLSE_STARTUP_TIMEOUT=5000 -DLSE_VALUE=32768 -DHSI_VALUE=8000000 -DLSI_VALUE=40000 -DVDD_VALUE=3300 -DPREFETCH_ENABLE=1 -DINSTRUCTION_CACHE_ENABLE=0 -DDATA_CACHE_ENABLE=0 -c -I../Core/Inc -I../Drivers/STM32F0xx_HAL_Driver/Inc -I../Drivers/CMSIS/Device/ST/STM32F0xx/Include -I../Drivers/CMSIS/Include -O0 -ffunction-sections -fdata-sections -Wall -fstack-usage -fcyclomatic-complexity -MMD -MP -MF"Drivers/STM32F0xx_HAL_Driver/Src/stm32f0xx_ll_gpio.d" -MT"Drivers/STM32F0xx_HAL_Driver/Src/stm32f0xx_ll_gpio.o" --specs=nano.specs -mfloat-abi=soft -mthumb -o "Drivers/STM32F0xx_HAL_Driver/Src/stm32f0xx_ll_gpio.o"
arm-none-eabi-gcc "../Drivers/STM32F0xx_HAL_Driver/Src/stm32f0xx_ll_pwr.c" -mcpu=cortex-m0 -std=gnu11 -g3 -DDEBUG -DSTM32F030x8 -DUSE_FULL_LL_DRIVER -DHSE_VALUE=8000000 -DHSE_STARTUP_TIMEOUT=100 -DLSE_STARTUP_TIMEOUT=5000 -DLSE_VALUE=32768 -DHSI_VALUE=8000000 -DLSI_VALUE=40000 -DVDD_VALUE=3300 -DPREFETCH_ENABLE=1 -DINSTRUCTION_CACHE_ENABLE=0 -DDATA_CACHE_ENABLE=0 -c -I../Core/Inc -I../Drivers/STM32F0xx_HAL_Driver/Inc -I../Drivers/CMSIS/Device/ST/STM32F0xx/Include -I../Drivers/CMSIS/Include -O0 -ffunction-sections -fdata-sections -Wall -fstack-usage -fcyclomatic-complexity -MMD -MP -MF"Drivers/STM32F0xx_HAL_Driver/Src/stm32f0xx_ll_pwr.d" -MT"Drivers/STM32F0xx_HAL_Driver/Src/stm32f0xx_ll_pwr.o" --specs=nano.specs -mfloat-abi=soft -mthumb -o "Drivers/STM32F0xx_HAL_Driver/Src/stm32f0xx_ll_pwr.o"
arm-none-eabi-gcc "../Drivers/STM32F0xx_HAL_Driver/Src/stm32f0xx_ll_rcc.c" -mcpu=cortex-m0 -std=gnu11 -g3 -DDEBUG -DSTM32F030x8 -DUSE_FULL_LL_DRIVER -DHSE_VALUE=8000000 -DHSE_STARTUP_TIMEOUT=100 -DLSE_STARTUP_TIMEOUT=5000 -DLSE_VALUE=32768 -DHSI_VALUE=8000000 -DLSI_VALUE=40000 -DVDD_VALUE=3300 -DPREFETCH_ENABLE=1 -DINSTRUCTION_CACHE_ENABLE=0 -DDATA_CACHE_ENABLE=0 -c -I../Core/Inc -I../Drivers/STM32F0xx_HAL_Driver/Inc -I../Drivers/CMSIS/Device/ST/STM32F0xx/Include -I../Drivers/CMSIS/Include -O0 -ffunction-sections -fdata-sections -Wall -fstack-usage -fcyclomatic-complexity -MMD -MP -MF"Drivers/STM32F0xx_HAL_Driver/Src/stm32f0xx_ll_rcc.d" -MT"Drivers/STM32F0xx_HAL_Driver/Src/stm32f0xx_ll_rcc.o" --specs=nano.specs -mfloat-abi=soft -mthumb -o "Drivers/STM32F0xx_HAL_Driver/Src/stm32f0xx_ll_rcc.o"
arm-none-eabi-gcc "../Drivers/STM32F0xx_HAL_Driver/Src/stm32f0xx_ll_usart.c" -mcpu=cortex-m0 -std=gnu11 -g3 -DDEBUG -DSTM32F030x8 -DUSE_FULL_LL_DRIVER -DHSE_VALUE=8000000 -DHSE_STARTUP_TIMEOUT=100 -DLSE_STARTUP_TIMEOUT=5000 -DLSE_VALUE=32768 -DHSI_VALUE=8000000 -DLSI_VALUE=40000 -DVDD_VALUE=3300 -DPREFETCH_ENABLE=1 -DINSTRUCTION_CACHE_ENABLE=0 -DDATA_CACHE_ENABLE=0 -c -I../Core/Inc -I../Drivers/STM32F0xx_HAL_Driver/Inc -I../Drivers/CMSIS/Device/ST/STM32F0xx/Include -I../Drivers/CMSIS/Include -O0 -ffunction-sections -fdata-sections -Wall -fstack-usage -fcyclomatic-complexity -MMD -MP -MF"Drivers/STM32F0xx_HAL_Driver/Src/stm32f0xx_ll_usart.d" -MT"Drivers/STM32F0xx_HAL_Driver/Src/stm32f0xx_ll_usart.o" --specs=nano.specs -mfloat-abi=soft -mthumb -o "Drivers/STM32F0xx_HAL_Driver/Src/stm32f0xx_ll_usart.o"
arm-none-eabi-gcc "../Drivers/STM32F0xx_HAL_Driver/Src/stm32f0xx_ll_utils.c" -mcpu=cortex-m0 -std=gnu11 -g3 -DDEBUG -DSTM32F030x8 -DUSE_FULL_LL_DRIVER -DHSE_VALUE=8000000 -DHSE_STARTUP_TIMEOUT=100 -DLSE_STARTUP_TIMEOUT=5000 -DLSE_VALUE=32768 -DHSI_VALUE=8000000 -DLSI_VALUE=40000 -DVDD_VALUE=3300 -DPREFETCH_ENABLE=1 -DINSTRUCTION_CACHE_ENABLE=0 -DDATA_CACHE_ENABLE=0 -c -I../Core/Inc -I../Drivers/STM32F0xx_HAL_Driver/Inc -I../Drivers/CMSIS/Device/ST/STM32F0xx/Include -I../Drivers/CMSIS/Include -O0 -ffunction-sections -fdata-sections -Wall -fstack-usage -fcyclomatic-complexity -MMD -MP -MF"Drivers/STM32F0xx_HAL_Driver/Src/stm32f0xx_ll_utils.d" -MT"Drivers/STM32F0xx_HAL_Driver/Src/stm32f0xx_ll_utils.o" --specs=nano.specs -mfloat-abi=soft -mthumb -o "Drivers/STM32F0xx_HAL_Driver/Src/stm32f0xx_ll_utils.o"
arm-none-eabi-gcc -mcpu=cortex-m0 -g3 -DDEBUG -c -x assembler-with-cpp -MMD -MP -MF"Core/Startup/startup_stm32f030r8tx.d" -MT"Core/Startup/startup_stm32f030r8tx.o" --specs=nano.specs -mfloat-abi=soft -mthumb -o "Core/Startup/startup_stm32f030r8tx.o" "../Core/Startup/startup_stm32f030r8tx.s"
arm-none-eabi-gcc "../Core/Src/main.c" -mcpu=cortex-m0 -std=gnu11 -g3 -DDEBUG -DSTM32F030x8 -DUSE_FULL_LL_DRIVER -DHSE_VALUE=8000000 -DHSE_STARTUP_TIMEOUT=100 -DLSE_STARTUP_TIMEOUT=5000 -DLSE_VALUE=32768 -DHSI_VALUE=8000000 -DLSI_VALUE=40000 -DVDD_VALUE=3300 -DPREFETCH_ENABLE=1 -DINSTRUCTION_CACHE_ENABLE=0 -DDATA_CACHE_ENABLE=0 -c -I../Core/Inc -I../Drivers/STM32F0xx_HAL_Driver/Inc -I../Drivers/CMSIS/Device/ST/STM32F0xx/Include -I../Drivers/CMSIS/Include -O0 -ffunction-sections -fdata-sections -Wall -fstack-usage -fcyclomatic-complexity -MMD -MP -MF"Core/Src/main.d" -MT"Core/Src/main.o" --specs=nano.specs -mfloat-abi=soft -mthumb -o "Core/Src/main.o"
arm-none-eabi-gcc "../Core/Src/stm32f0xx_it.c" -mcpu=cortex-m0 -std=gnu11 -g3 -DDEBUG -DSTM32F030x8 -DUSE_FULL_LL_DRIVER -DHSE_VALUE=8000000 -DHSE_STARTUP_TIMEOUT=100 -DLSE_STARTUP_TIMEOUT=5000 -DLSE_VALUE=32768 -DHSI_VALUE=8000000 -DLSI_VALUE=40000 -DVDD_VALUE=3300 -DPREFETCH_ENABLE=1 -DINSTRUCTION_CACHE_ENABLE=0 -DDATA_CACHE_ENABLE=0 -c -I../Core/Inc -I../Drivers/STM32F0xx_HAL_Driver/Inc -I../Drivers/CMSIS/Device/ST/STM32F0xx/Include -I../Drivers/CMSIS/Include -O0 -ffunction-sections -fdata-sections -Wall -fstack-usage -fcyclomatic-complexity -MMD -MP -MF"Core/Src/stm32f0xx_it.d" -MT"Core/Src/stm32f0xx_it.o" --specs=nano.specs -mfloat-abi=soft -mthumb -o "Core/Src/stm32f0xx_it.o"
arm-none-eabi-gcc "../Core/Src/syscalls.c" -mcpu=cortex-m0 -std=gnu11 -g3 -DDEBUG -DSTM32F030x8 -DUSE_FULL_LL_DRIVER -DHSE_VALUE=8000000 -DHSE_STARTUP_TIMEOUT=100 -DLSE_STARTUP_TIMEOUT=5000 -DLSE_VALUE=32768 -DHSI_VALUE=8000000 -DLSI_VALUE=40000 -DVDD_VALUE=3300 -DPREFETCH_ENABLE=1 -DINSTRUCTION_CACHE_ENABLE=0 -DDATA_CACHE_ENABLE=0 -c -I../Core/Inc -I../Drivers/STM32F0xx_HAL_Driver/Inc -I../Drivers/CMSIS/Device/ST/STM32F0xx/Include -I../Drivers/CMSIS/Include -O0 -ffunction-sections -fdata-sections -Wall -fstack-usage -fcyclomatic-complexity -MMD -MP -MF"Core/Src/syscalls.d" -MT"Core/Src/syscalls.o" --specs=nano.specs -mfloat-abi=soft -mthumb -o "Core/Src/syscalls.o"
arm-none-eabi-gcc "../Core/Src/sysmem.c" -mcpu=cortex-m0 -std=gnu11 -g3 -DDEBUG -DSTM32F030x8 -DUSE_FULL_LL_DRIVER -DHSE_VALUE=8000000 -DHSE_STARTUP_TIMEOUT=100 -DLSE_STARTUP_TIMEOUT=5000 -DLSE_VALUE=32768 -DHSI_VALUE=8000000 -DLSI_VALUE=40000 -DVDD_VALUE=3300 -DPREFETCH_ENABLE=1 -DINSTRUCTION_CACHE_ENABLE=0 -DDATA_CACHE_ENABLE=0 -c -I../Core/Inc -I../Drivers/STM32F0xx_HAL_Driver/Inc -I../Drivers/CMSIS/Device/ST/STM32F0xx/Include -I../Drivers/CMSIS/Include -O0 -ffunction-sections -fdata-sections -Wall -fstack-usage -fcyclomatic-complexity -MMD -MP -MF"Core/Src/sysmem.d" -MT"Core/Src/sysmem.o" --specs=nano.specs -mfloat-abi=soft -mthumb -o "Core/Src/sysmem.o"
arm-none-eabi-gcc "../Core/Src/system_stm32f0xx.c" -mcpu=cortex-m0 -std=gnu11 -g3 -DDEBUG -DSTM32F030x8 -DUSE_FULL_LL_DRIVER -DHSE_VALUE=8000000 -DHSE_STARTUP_TIMEOUT=100 -DLSE_STARTUP_TIMEOUT=5000 -DLSE_VALUE=32768 -DHSI_VALUE=8000000 -DLSI_VALUE=40000 -DVDD_VALUE=3300 -DPREFETCH_ENABLE=1 -DINSTRUCTION_CACHE_ENABLE=0 -DDATA_CACHE_ENABLE=0 -c -I../Core/Inc -I../Drivers/STM32F0xx_HAL_Driver/Inc -I../Drivers/CMSIS/Device/ST/STM32F0xx/Include -I../Drivers/CMSIS/Include -O0 -ffunction-sections -fdata-sections -Wall -fstack-usage -fcyclomatic-complexity -MMD -MP -MF"Core/Src/system_stm32f0xx.d" -MT"Core/Src/system_stm32f0xx.o" --specs=nano.specs -mfloat-abi=soft -mthumb -o "Core/Src/system_stm32f0xx.o"
arm-none-eabi-gcc -o "lecture1.elf" @"objects.list"   -mcpu=cortex-m0 -T"C:\Users\240689\git\Microcontrollers\lecture1\STM32F030R8TX_FLASH.ld" --specs=nosys.specs -Wl,-Map="lecture1.map" -Wl,--gc-sections -static --specs=nano.specs -mfloat-abi=soft -mthumb -Wl,--start-group -lc -lm -Wl,--end-group
Finished building target: lecture1.elf
 
arm-none-eabi-size  lecture1.elf 
arm-none-eabi-objdump -h -S lecture1.elf  > "lecture1.list"
   text	   data	    bss	    dec	    hex	filename
   4764	      4	   1564	   6332	   18bc	lecture1.elf
Finished building: default.size.stdout
 
Finished building: lecture1.list
 
10:35:16 **** Incremental Build of configuration Debug for project lecture1 ****
make -j4 all 
arm-none-eabi-gcc "../Core/Src/main.c" -mcpu=cortex-m0 -std=gnu11 -g3 -DDEBUG -DSTM32F030x8 -DUSE_FULL_LL_DRIVER -DHSE_VALUE=8000000 -DHSE_STARTUP_TIMEOUT=100 -DLSE_STARTUP_TIMEOUT=5000 -DLSE_VALUE=32768 -DHSI_VALUE=8000000 -DLSI_VALUE=40000 -DVDD_VALUE=3300 -DPREFETCH_ENABLE=1 -DINSTRUCTION_CACHE_ENABLE=0 -DDATA_CACHE_ENABLE=0 -c -I../Core/Inc -I../Drivers/STM32F0xx_HAL_Driver/Inc -I../Drivers/CMSIS/Device/ST/STM32F0xx/Include -I../Drivers/CMSIS/Include -O0 -ffunction-sections -fdata-sections -Wall -fstack-usage -fcyclomatic-complexity -MMD -MP -MF"Core/Src/main.d" -MT"Core/Src/main.o" --specs=nano.specs -mfloat-abi=soft -mthumb -o "Core/Src/main.o"
arm-none-eabi-gcc -o "lecture1.elf" @"objects.list"   -mcpu=cortex-m0 -T"C:\Users\240689\git\Microcontrollers\lecture1\STM32F030R8TX_FLASH.ld" --specs=nosys.specs -Wl,-Map="lecture1.map" -Wl,--gc-sections -static --specs=nano.specs -mfloat-abi=soft -mthumb -Wl,--start-group -lc -lm -Wl,--end-group
Finished building target: lecture1.elf
 
arm-none-eabi-size  lecture1.elf 
arm-none-eabi-objdump -h -S lecture1.elf  > "lecture1.list"
   text	   data	    bss	    dec	    hex	filename
   4896	      4	   1564	   6464	   1940	lecture1.elf
Finished building: default.size.stdout
 
Finished building: lecture1.list
 
10:45:20 **** Incremental Build of configuration Debug for project lecture1 ****
make -j4 all 
arm-none-eabi-gcc "../Core/Src/main.c" -mcpu=cortex-m0 -std=gnu11 -g3 -DDEBUG -DSTM32F030x8 -DUSE_FULL_LL_DRIVER -DHSE_VALUE=8000000 -DHSE_STARTUP_TIMEOUT=100 -DLSE_STARTUP_TIMEOUT=5000 -DLSE_VALUE=32768 -DHSI_VALUE=8000000 -DLSI_VALUE=40000 -DVDD_VALUE=3300 -DPREFETCH_ENABLE=1 -DINSTRUCTION_CACHE_ENABLE=0 -DDATA_CACHE_ENABLE=0 -c -I../Core/Inc -I../Drivers/STM32F0xx_HAL_Driver/Inc -I../Drivers/CMSIS/Device/ST/STM32F0xx/Include -I../Drivers/CMSIS/Include -O0 -ffunction-sections -fdata-sections -Wall -fstack-usage -fcyclomatic-complexity -MMD -MP -MF"Core/Src/main.d" -MT"Core/Src/main.o" --specs=nano.specs -mfloat-abi=soft -mthumb -o "Core/Src/main.o"
../Core/Src/main.c: In function 'main':
../Core/Src/main.c:105:17: warning: implicit declaration of function 'LL_GPIO_ReadOutputPin'; did you mean 'LL_GPIO_ResetOutputPin'? [-Wimplicit-function-declaration]
  105 |                 LL_GPIO_ReadOutputPin(LD2_GPIO_Port, LD2_Pin);
      |                 ^~~~~~~~~~~~~~~~~~~~~
      |                 LL_GPIO_ResetOutputPin
arm-none-eabi-gcc -o "lecture1.elf" @"objects.list"   -mcpu=cortex-m0 -T"C:\Users\240689\git\Microcontrollers\lecture1\STM32F030R8TX_FLASH.ld" --specs=nosys.specs -Wl,-Map="lecture1.map" -Wl,--gc-sections -static --specs=nano.specs -mfloat-abi=soft -mthumb -Wl,--start-group -lc -lm -Wl,--end-group
C:/appz/ST/STM32CubeIDE_1.10.1/STM32CubeIDE/plugins/com.st.stm32cube.ide.mcu.externaltools.gnu-tools-for-stm32.12.3.rel1.win32_1.0.200.202406191623/tools/bin/../lib/gcc/arm-none-eabi/12.3.1/../../../../arm-none-eabi/bin/ld.exe: ./Core/Src/main.o: in function `main':
C:/Users/240689/git/Microcontrollers/lecture1/Debug/../Core/Src/main.c:105: undefined reference to `LL_GPIO_ReadOutputPin'
collect2.exe: error: ld returned 1 exit status
make: *** [makefile:64: lecture1.elf] Error 1
"make -j4 all" terminated with exit code 2. Build might be incomplete.
10:45:47 **** Incremental Build of configuration Debug for project lecture1 ****
make -j4 all 
arm-none-eabi-gcc "../Core/Src/main.c" -mcpu=cortex-m0 -std=gnu11 -g3 -DDEBUG -DSTM32F030x8 -DUSE_FULL_LL_DRIVER -DHSE_VALUE=8000000 -DHSE_STARTUP_TIMEOUT=100 -DLSE_STARTUP_TIMEOUT=5000 -DLSE_VALUE=32768 -DHSI_VALUE=8000000 -DLSI_VALUE=40000 -DVDD_VALUE=3300 -DPREFETCH_ENABLE=1 -DINSTRUCTION_CACHE_ENABLE=0 -DDATA_CACHE_ENABLE=0 -c -I../Core/Inc -I../Drivers/STM32F0xx_HAL_Driver/Inc -I../Drivers/CMSIS/Device/ST/STM32F0xx/Include -I../Drivers/CMSIS/Include -O0 -ffunction-sections -fdata-sections -Wall -fstack-usage -fcyclomatic-complexity -MMD -MP -MF"Core/Src/main.d" -MT"Core/Src/main.o" --specs=nano.specs -mfloat-abi=soft -mthumb -o "Core/Src/main.o"
arm-none-eabi-gcc -o "lecture1.elf" @"objects.list"   -mcpu=cortex-m0 -T"C:\Users\240689\git\Microcontrollers\lecture1\STM32F030R8TX_FLASH.ld" --specs=nosys.specs -Wl,-Map="lecture1.map" -Wl,--gc-sections -static --specs=nano.specs -mfloat-abi=soft -mthumb -Wl,--start-group -lc -lm -Wl,--end-group
Finished building target: lecture1.elf
 
arm-none-eabi-size  lecture1.elf 
arm-none-eabi-objdump -h -S lecture1.elf  > "lecture1.list"
   text	   data	    bss	    dec	    hex	filename
   4964	      4	   1564	   6532	   1984	lecture1.elf
Finished building: default.size.stdout
 
Finished building: lecture1.list
 
10:48:20 **** Incremental Build of configuration Debug for project lecture1 ****
make -j4 all 
arm-none-eabi-gcc "../Core/Src/main.c" -mcpu=cortex-m0 -std=gnu11 -g3 -DDEBUG -DSTM32F030x8 -DUSE_FULL_LL_DRIVER -DHSE_VALUE=8000000 -DHSE_STARTUP_TIMEOUT=100 -DLSE_STARTUP_TIMEOUT=5000 -DLSE_VALUE=32768 -DHSI_VALUE=8000000 -DLSI_VALUE=40000 -DVDD_VALUE=3300 -DPREFETCH_ENABLE=1 -DINSTRUCTION_CACHE_ENABLE=0 -DDATA_CACHE_ENABLE=0 -c -I../Core/Inc -I../Drivers/STM32F0xx_HAL_Driver/Inc -I../Drivers/CMSIS/Device/ST/STM32F0xx/Include -I../Drivers/CMSIS/Include -O0 -ffunction-sections -fdata-sections -Wall -fstack-usage -fcyclomatic-complexity -MMD -MP -MF"Core/Src/main.d" -MT"Core/Src/main.o" --specs=nano.specs -mfloat-abi=soft -mthumb -o "Core/Src/main.o"
arm-none-eabi-gcc -o "lecture1.elf" @"objects.list"   -mcpu=cortex-m0 -T"C:\Users\240689\git\Microcontrollers\lecture1\STM32F030R8TX_FLASH.ld" --specs=nosys.specs -Wl,-Map="lecture1.map" -Wl,--gc-sections -static --specs=nano.specs -mfloat-abi=soft -mthumb -Wl,--start-group -lc -lm -Wl,--end-group
Finished building target: lecture1.elf
 
arm-none-eabi-size  lecture1.elf 
arm-none-eabi-objdump -h -S lecture1.elf  > "lecture1.list"
   text	   data	    bss	    dec	    hex	filename
   4996	      4	   1564	   6564	   19a4	lecture1.elf
Finished building: default.size.stdout
 
Finished building: lecture1.list
 
10:49:44 **** Incremental Build of configuration Debug for project lecture1 ****
make -j4 all 
arm-none-eabi-size  lecture1.elf 
   text	   data	    bss	    dec	    hex	filename
   4996	      4	   1564	   6564	   19a4	lecture1.elf
Finished building: default.size.stdout
 
11:07:33 **** Incremental Build of configuration Debug for project lecture1 ****
make -j4 all 
arm-none-eabi-gcc "../Core/Src/main.c" -mcpu=cortex-m0 -std=gnu11 -g3 -DDEBUG -DSTM32F030x8 -DUSE_FULL_LL_DRIVER -DHSE_VALUE=8000000 -DHSE_STARTUP_TIMEOUT=100 -DLSE_STARTUP_TIMEOUT=5000 -DLSE_VALUE=32768 -DHSI_VALUE=8000000 -DLSI_VALUE=40000 -DVDD_VALUE=3300 -DPREFETCH_ENABLE=1 -DINSTRUCTION_CACHE_ENABLE=0 -DDATA_CACHE_ENABLE=0 -c -I../Core/Inc -I../Drivers/STM32F0xx_HAL_Driver/Inc -I../Drivers/CMSIS/Device/ST/STM32F0xx/Include -I../Drivers/CMSIS/Include -O0 -ffunction-sections -fdata-sections -Wall -fstack-usage -fcyclomatic-complexity -MMD -MP -MF"Core/Src/main.d" -MT"Core/Src/main.o" --specs=nano.specs -mfloat-abi=soft -mthumb -o "Core/Src/main.o"
../Core/Src/main.c: In function 'main':
../Core/Src/main.c:103:23: error: subscripted value is neither array nor pointer nor vector
  103 |         if ((sig << i)[i] == 1){
      |                       ^
../Core/Src/main.c:99:11: warning: unused variable 'array' [-Wunused-variable]
   99 |   uint8_t array[32] = {1,0,1,0,1,0,0,1,1,1,0,1,1,1,0,1,1,1,0,0,1,0,1,0,1,0,0,0,0,0,0,0};
      |           ^~~~~
make: *** [Core/Src/subdir.mk:31: Core/Src/main.o] Error 1
"make -j4 all" terminated with exit code 2. Build might be incomplete.
11:07:56 **** Incremental Build of configuration Debug for project lecture1 ****
make -j4 all 
arm-none-eabi-gcc "../Core/Src/main.c" -mcpu=cortex-m0 -std=gnu11 -g3 -DDEBUG -DSTM32F030x8 -DUSE_FULL_LL_DRIVER -DHSE_VALUE=8000000 -DHSE_STARTUP_TIMEOUT=100 -DLSE_STARTUP_TIMEOUT=5000 -DLSE_VALUE=32768 -DHSI_VALUE=8000000 -DLSI_VALUE=40000 -DVDD_VALUE=3300 -DPREFETCH_ENABLE=1 -DINSTRUCTION_CACHE_ENABLE=0 -DDATA_CACHE_ENABLE=0 -c -I../Core/Inc -I../Drivers/STM32F0xx_HAL_Driver/Inc -I../Drivers/CMSIS/Device/ST/STM32F0xx/Include -I../Drivers/CMSIS/Include -O0 -ffunction-sections -fdata-sections -Wall -fstack-usage -fcyclomatic-complexity -MMD -MP -MF"Core/Src/main.d" -MT"Core/Src/main.o" --specs=nano.specs -mfloat-abi=soft -mthumb -o "Core/Src/main.o"
../Core/Src/main.c: In function 'main':
../Core/Src/main.c:103:16: error: subscripted value is neither array nor pointer nor vector
  103 |         if (sig[i] == 1){
      |                ^
../Core/Src/main.c:100:12: warning: variable 'sig' set but not used [-Wunused-but-set-variable]
  100 |   uint32_t sig = 0b10101001110111011100101010000000;
      |            ^~~
../Core/Src/main.c:99:11: warning: unused variable 'array' [-Wunused-variable]
   99 |   uint8_t array[32] = {1,0,1,0,1,0,0,1,1,1,0,1,1,1,0,1,1,1,0,0,1,0,1,0,1,0,0,0,0,0,0,0};
      |           ^~~~~
make: *** [Core/Src/subdir.mk:31: Core/Src/main.o] Error 1
"make -j4 all" terminated with exit code 2. Build might be incomplete.
11:08:18 **** Incremental Build of configuration Debug for project lecture1 ****
make -j4 all 
arm-none-eabi-gcc "../Core/Src/main.c" -mcpu=cortex-m0 -std=gnu11 -g3 -DDEBUG -DSTM32F030x8 -DUSE_FULL_LL_DRIVER -DHSE_VALUE=8000000 -DHSE_STARTUP_TIMEOUT=100 -DLSE_STARTUP_TIMEOUT=5000 -DLSE_VALUE=32768 -DHSI_VALUE=8000000 -DLSI_VALUE=40000 -DVDD_VALUE=3300 -DPREFETCH_ENABLE=1 -DINSTRUCTION_CACHE_ENABLE=0 -DDATA_CACHE_ENABLE=0 -c -I../Core/Inc -I../Drivers/STM32F0xx_HAL_Driver/Inc -I../Drivers/CMSIS/Device/ST/STM32F0xx/Include -I../Drivers/CMSIS/Include -O0 -ffunction-sections -fdata-sections -Wall -fstack-usage -fcyclomatic-complexity -MMD -MP -MF"Core/Src/main.d" -MT"Core/Src/main.o" --specs=nano.specs -mfloat-abi=soft -mthumb -o "Core/Src/main.o"
../Core/Src/main.c: In function 'main':
../Core/Src/main.c:103:16: error: subscripted value is neither array nor pointer nor vector
  103 |         if (sig[i] > 0){
      |                ^
../Core/Src/main.c:100:12: warning: variable 'sig' set but not used [-Wunused-but-set-variable]
  100 |   uint32_t sig = 0b10101001110111011100101010000000;
      |            ^~~
../Core/Src/main.c:99:11: warning: unused variable 'array' [-Wunused-variable]
   99 |   uint8_t array[32] = {1,0,1,0,1,0,0,1,1,1,0,1,1,1,0,1,1,1,0,0,1,0,1,0,1,0,0,0,0,0,0,0};
      |           ^~~~~
make: *** [Core/Src/subdir.mk:31: Core/Src/main.o] Error 1
"make -j4 all" terminated with exit code 2. Build might be incomplete.
11:08:46 **** Incremental Build of configuration Debug for project lecture1 ****
make -j4 all 
arm-none-eabi-gcc "../Core/Src/main.c" -mcpu=cortex-m0 -std=gnu11 -g3 -DDEBUG -DSTM32F030x8 -DUSE_FULL_LL_DRIVER -DHSE_VALUE=8000000 -DHSE_STARTUP_TIMEOUT=100 -DLSE_STARTUP_TIMEOUT=5000 -DLSE_VALUE=32768 -DHSI_VALUE=8000000 -DLSI_VALUE=40000 -DVDD_VALUE=3300 -DPREFETCH_ENABLE=1 -DINSTRUCTION_CACHE_ENABLE=0 -DDATA_CACHE_ENABLE=0 -c -I../Core/Inc -I../Drivers/STM32F0xx_HAL_Driver/Inc -I../Drivers/CMSIS/Device/ST/STM32F0xx/Include -I../Drivers/CMSIS/Include -O0 -ffunction-sections -fdata-sections -Wall -fstack-usage -fcyclomatic-complexity -MMD -MP -MF"Core/Src/main.d" -MT"Core/Src/main.o" --specs=nano.specs -mfloat-abi=soft -mthumb -o "Core/Src/main.o"
../Core/Src/main.c: In function 'main':
../Core/Src/main.c:99:11: warning: unused variable 'array' [-Wunused-variable]
   99 |   uint8_t array[32] = {1,0,1,0,1,0,0,1,1,1,0,1,1,1,0,1,1,1,0,0,1,0,1,0,1,0,0,0,0,0,0,0};
      |           ^~~~~
arm-none-eabi-gcc -o "lecture1.elf" @"objects.list"   -mcpu=cortex-m0 -T"C:\Users\240689\git\Microcontrollers\lecture1\STM32F030R8TX_FLASH.ld" --specs=nosys.specs -Wl,-Map="lecture1.map" -Wl,--gc-sections -static --specs=nano.specs -mfloat-abi=soft -mthumb -Wl,--start-group -lc -lm -Wl,--end-group
Finished building target: lecture1.elf
 
arm-none-eabi-size  lecture1.elf 
arm-none-eabi-objdump -h -S lecture1.elf  > "lecture1.list"
   text	   data	    bss	    dec	    hex	filename
   5004	      4	   1564	   6572	   19ac	lecture1.elf
Finished building: default.size.stdout
 
Finished building: lecture1.list
 
11:12:04 **** Incremental Build of configuration Debug for project lecture1 ****
make -j4 all 
arm-none-eabi-gcc "../Core/Src/main.c" -mcpu=cortex-m0 -std=gnu11 -g3 -DDEBUG -DSTM32F030x8 -DUSE_FULL_LL_DRIVER -DHSE_VALUE=8000000 -DHSE_STARTUP_TIMEOUT=100 -DLSE_STARTUP_TIMEOUT=5000 -DLSE_VALUE=32768 -DHSI_VALUE=8000000 -DLSI_VALUE=40000 -DVDD_VALUE=3300 -DPREFETCH_ENABLE=1 -DINSTRUCTION_CACHE_ENABLE=0 -DDATA_CACHE_ENABLE=0 -c -I../Core/Inc -I../Drivers/STM32F0xx_HAL_Driver/Inc -I../Drivers/CMSIS/Device/ST/STM32F0xx/Include -I../Drivers/CMSIS/Include -O0 -ffunction-sections -fdata-sections -Wall -fstack-usage -fcyclomatic-complexity -MMD -MP -MF"Core/Src/main.d" -MT"Core/Src/main.o" --specs=nano.specs -mfloat-abi=soft -mthumb -o "Core/Src/main.o"
../Core/Src/main.c: In function 'main':
../Core/Src/main.c:99:11: warning: unused variable 'array' [-Wunused-variable]
   99 |   uint8_t array[32] = {1,0,1,0,1,0,0,1,1,1,0,1,1,1,0,1,1,1,0,0,1,0,1,0,1,0,0,0,0,0,0,0};
      |           ^~~~~
arm-none-eabi-gcc -o "lecture1.elf" @"objects.list"   -mcpu=cortex-m0 -T"C:\Users\240689\git\Microcontrollers\lecture1\STM32F030R8TX_FLASH.ld" --specs=nosys.specs -Wl,-Map="lecture1.map" -Wl,--gc-sections -static --specs=nano.specs -mfloat-abi=soft -mthumb -Wl,--start-group -lc -lm -Wl,--end-group
Finished building target: lecture1.elf
 
arm-none-eabi-size  lecture1.elf 
arm-none-eabi-objdump -h -S lecture1.elf  > "lecture1.list"
   text	   data	    bss	    dec	    hex	filename
   4996	      4	   1564	   6564	   19a4	lecture1.elf
Finished building: default.size.stdout
 
Finished building: lecture1.list
 
11:12:40 **** Incremental Build of configuration Debug for project lecture1 ****
make -j4 all 
arm-none-eabi-gcc "../Core/Src/main.c" -mcpu=cortex-m0 -std=gnu11 -g3 -DDEBUG -DSTM32F030x8 -DUSE_FULL_LL_DRIVER -DHSE_VALUE=8000000 -DHSE_STARTUP_TIMEOUT=100 -DLSE_STARTUP_TIMEOUT=5000 -DLSE_VALUE=32768 -DHSI_VALUE=8000000 -DLSI_VALUE=40000 -DVDD_VALUE=3300 -DPREFETCH_ENABLE=1 -DINSTRUCTION_CACHE_ENABLE=0 -DDATA_CACHE_ENABLE=0 -c -I../Core/Inc -I../Drivers/STM32F0xx_HAL_Driver/Inc -I../Drivers/CMSIS/Device/ST/STM32F0xx/Include -I../Drivers/CMSIS/Include -O0 -ffunction-sections -fdata-sections -Wall -fstack-usage -fcyclomatic-complexity -MMD -MP -MF"Core/Src/main.d" -MT"Core/Src/main.o" --specs=nano.specs -mfloat-abi=soft -mthumb -o "Core/Src/main.o"
../Core/Src/main.c: In function 'main':
../Core/Src/main.c:99:11: warning: unused variable 'array' [-Wunused-variable]
   99 |   uint8_t array[32] = {1,0,1,0,1,0,0,1,1,1,0,1,1,1,0,1,1,1,0,0,1,0,1,0,1,0,0,0,0,0,0,0};
      |           ^~~~~
arm-none-eabi-gcc -o "lecture1.elf" @"objects.list"   -mcpu=cortex-m0 -T"C:\Users\240689\git\Microcontrollers\lecture1\STM32F030R8TX_FLASH.ld" --specs=nosys.specs -Wl,-Map="lecture1.map" -Wl,--gc-sections -static --specs=nano.specs -mfloat-abi=soft -mthumb -Wl,--start-group -lc -lm -Wl,--end-group
Finished building target: lecture1.elf
 
arm-none-eabi-size  lecture1.elf 
arm-none-eabi-objdump -h -S lecture1.elf  > "lecture1.list"
   text	   data	    bss	    dec	    hex	filename
   5004	      4	   1564	   6572	   19ac	lecture1.elf
Finished building: default.size.stdout
 
Finished building: lecture1.list
 
11:13:47 **** Incremental Build of configuration Debug for project lecture1 ****
make -j4 all 
arm-none-eabi-gcc "../Core/Src/main.c" -mcpu=cortex-m0 -std=gnu11 -g3 -DDEBUG -DSTM32F030x8 -DUSE_FULL_LL_DRIVER -DHSE_VALUE=8000000 -DHSE_STARTUP_TIMEOUT=100 -DLSE_STARTUP_TIMEOUT=5000 -DLSE_VALUE=32768 -DHSI_VALUE=8000000 -DLSI_VALUE=40000 -DVDD_VALUE=3300 -DPREFETCH_ENABLE=1 -DINSTRUCTION_CACHE_ENABLE=0 -DDATA_CACHE_ENABLE=0 -c -I../Core/Inc -I../Drivers/STM32F0xx_HAL_Driver/Inc -I../Drivers/CMSIS/Device/ST/STM32F0xx/Include -I../Drivers/CMSIS/Include -O0 -ffunction-sections -fdata-sections -Wall -fstack-usage -fcyclomatic-complexity -MMD -MP -MF"Core/Src/main.d" -MT"Core/Src/main.o" --specs=nano.specs -mfloat-abi=soft -mthumb -o "Core/Src/main.o"
../Core/Src/main.c: In function 'main':
../Core/Src/main.c:103:30: warning: suggest parentheses around comparison in operand of '&' [-Wparentheses]
  103 |         if ((sig << i) & sig == 1){
      |                          ~~~~^~~~
../Core/Src/main.c:99:11: warning: unused variable 'array' [-Wunused-variable]
   99 |   uint8_t array[32] = {1,0,1,0,1,0,0,1,1,1,0,1,1,1,0,1,1,1,0,0,1,0,1,0,1,0,0,0,0,0,0,0};
      |           ^~~~~
arm-none-eabi-gcc -o "lecture1.elf" @"objects.list"   -mcpu=cortex-m0 -T"C:\Users\240689\git\Microcontrollers\lecture1\STM32F030R8TX_FLASH.ld" --specs=nosys.specs -Wl,-Map="lecture1.map" -Wl,--gc-sections -static --specs=nano.specs -mfloat-abi=soft -mthumb -Wl,--start-group -lc -lm -Wl,--end-group
Finished building target: lecture1.elf
 
arm-none-eabi-size  lecture1.elf 
arm-none-eabi-objdump -h -S lecture1.elf  > "lecture1.list"
   text	   data	    bss	    dec	    hex	filename
   5016	      4	   1564	   6584	   19b8	lecture1.elf
Finished building: default.size.stdout
 
Finished building: lecture1.list
 
11:15:28 **** Incremental Build of configuration Debug for project lecture1 ****
make -j4 all 
arm-none-eabi-gcc "../Core/Src/main.c" -mcpu=cortex-m0 -std=gnu11 -g3 -DDEBUG -DSTM32F030x8 -DUSE_FULL_LL_DRIVER -DHSE_VALUE=8000000 -DHSE_STARTUP_TIMEOUT=100 -DLSE_STARTUP_TIMEOUT=5000 -DLSE_VALUE=32768 -DHSI_VALUE=8000000 -DLSI_VALUE=40000 -DVDD_VALUE=3300 -DPREFETCH_ENABLE=1 -DINSTRUCTION_CACHE_ENABLE=0 -DDATA_CACHE_ENABLE=0 -c -I../Core/Inc -I../Drivers/STM32F0xx_HAL_Driver/Inc -I../Drivers/CMSIS/Device/ST/STM32F0xx/Include -I../Drivers/CMSIS/Include -O0 -ffunction-sections -fdata-sections -Wall -fstack-usage -fcyclomatic-complexity -MMD -MP -MF"Core/Src/main.d" -MT"Core/Src/main.o" --specs=nano.specs -mfloat-abi=soft -mthumb -o "Core/Src/main.o"
../Core/Src/main.c: In function 'main':
../Core/Src/main.c:99:11: warning: unused variable 'array' [-Wunused-variable]
   99 |   uint8_t array[32] = {1,0,1,0,1,0,0,1,1,1,0,1,1,1,0,1,1,1,0,0,1,0,1,0,1,0,0,0,0,0,0,0};
      |           ^~~~~
arm-none-eabi-gcc -o "lecture1.elf" @"objects.list"   -mcpu=cortex-m0 -T"C:\Users\240689\git\Microcontrollers\lecture1\STM32F030R8TX_FLASH.ld" --specs=nosys.specs -Wl,-Map="lecture1.map" -Wl,--gc-sections -static --specs=nano.specs -mfloat-abi=soft -mthumb -Wl,--start-group -lc -lm -Wl,--end-group
Finished building target: lecture1.elf
 
arm-none-eabi-size  lecture1.elf 
arm-none-eabi-objdump -h -S lecture1.elf  > "lecture1.list"
   text	   data	    bss	    dec	    hex	filename
   5004	      4	   1564	   6572	   19ac	lecture1.elf
Finished building: default.size.stdout
 
Finished building: lecture1.list
 
11:20:14 **** Incremental Build of configuration Debug for project lecture1 ****
make -j4 all 
arm-none-eabi-gcc "../Core/Src/main.c" -mcpu=cortex-m0 -std=gnu11 -g3 -DDEBUG -DSTM32F030x8 -DUSE_FULL_LL_DRIVER -DHSE_VALUE=8000000 -DHSE_STARTUP_TIMEOUT=100 -DLSE_STARTUP_TIMEOUT=5000 -DLSE_VALUE=32768 -DHSI_VALUE=8000000 -DLSI_VALUE=40000 -DVDD_VALUE=3300 -DPREFETCH_ENABLE=1 -DINSTRUCTION_CACHE_ENABLE=0 -DDATA_CACHE_ENABLE=0 -c -I../Core/Inc -I../Drivers/STM32F0xx_HAL_Driver/Inc -I../Drivers/CMSIS/Device/ST/STM32F0xx/Include -I../Drivers/CMSIS/Include -O0 -ffunction-sections -fdata-sections -Wall -fstack-usage -fcyclomatic-complexity -MMD -MP -MF"Core/Src/main.d" -MT"Core/Src/main.o" --specs=nano.specs -mfloat-abi=soft -mthumb -o "Core/Src/main.o"
../Core/Src/main.c: In function 'main':
../Core/Src/main.c:105:27: warning: suggest parentheses around comparison in operand of '&' [-Wparentheses]
  105 |         if (sig_sh & sig  == 1){
      |                      ~~~~~^~~~
../Core/Src/main.c:99:11: warning: unused variable 'array' [-Wunused-variable]
   99 |   uint8_t array[32] = {1,0,1,0,1,0,0,1,1,1,0,1,1,1,0,1,1,1,0,0,1,0,1,0,1,0,0,0,0,0,0,0};
      |           ^~~~~
arm-none-eabi-gcc -o "lecture1.elf" @"objects.list"   -mcpu=cortex-m0 -T"C:\Users\240689\git\Microcontrollers\lecture1\STM32F030R8TX_FLASH.ld" --specs=nosys.specs -Wl,-Map="lecture1.map" -Wl,--gc-sections -static --specs=nano.specs -mfloat-abi=soft -mthumb -Wl,--start-group -lc -lm -Wl,--end-group
Finished building target: lecture1.elf
 
arm-none-eabi-size  lecture1.elf 
arm-none-eabi-objdump -h -S lecture1.elf  > "lecture1.list"
   text	   data	    bss	    dec	    hex	filename
   5016	      4	   1564	   6584	   19b8	lecture1.elf
Finished building: default.size.stdout
 
Finished building: lecture1.list
 
11:20:43 **** Incremental Build of configuration Debug for project lecture1 ****
make -j4 all 
arm-none-eabi-size  lecture1.elf 
   text	   data	    bss	    dec	    hex	filename
   5016	      4	   1564	   6584	   19b8	lecture1.elf
Finished building: default.size.stdout
 
11:20:47 **** Incremental Build of configuration Debug for project lecture1 ****
make -j4 all 
arm-none-eabi-size  lecture1.elf 
   text	   data	    bss	    dec	    hex	filename
   5016	      4	   1564	   6584	   19b8	lecture1.elf
Finished building: default.size.stdout
 
11:21:52 **** Incremental Build of configuration Debug for project lecture1 ****
make -j4 all 
arm-none-eabi-gcc "../Core/Src/main.c" -mcpu=cortex-m0 -std=gnu11 -g3 -DDEBUG -DSTM32F030x8 -DUSE_FULL_LL_DRIVER -DHSE_VALUE=8000000 -DHSE_STARTUP_TIMEOUT=100 -DLSE_STARTUP_TIMEOUT=5000 -DLSE_VALUE=32768 -DHSI_VALUE=8000000 -DLSI_VALUE=40000 -DVDD_VALUE=3300 -DPREFETCH_ENABLE=1 -DINSTRUCTION_CACHE_ENABLE=0 -DDATA_CACHE_ENABLE=0 -c -I../Core/Inc -I../Drivers/STM32F0xx_HAL_Driver/Inc -I../Drivers/CMSIS/Device/ST/STM32F0xx/Include -I../Drivers/CMSIS/Include -O0 -ffunction-sections -fdata-sections -Wall -fstack-usage -fcyclomatic-complexity -MMD -MP -MF"Core/Src/main.d" -MT"Core/Src/main.o" --specs=nano.specs -mfloat-abi=soft -mthumb -o "Core/Src/main.o"
../Core/Src/main.c: In function 'main':
../Core/Src/main.c:99:11: warning: unused variable 'array' [-Wunused-variable]
   99 |   uint8_t array[32] = {1,0,1,0,1,0,0,1,1,1,0,1,1,1,0,1,1,1,0,0,1,0,1,0,1,0,0,0,0,0,0,0};
      |           ^~~~~
arm-none-eabi-gcc -o "lecture1.elf" @"objects.list"   -mcpu=cortex-m0 -T"C:\Users\240689\git\Microcontrollers\lecture1\STM32F030R8TX_FLASH.ld" --specs=nosys.specs -Wl,-Map="lecture1.map" -Wl,--gc-sections -static --specs=nano.specs -mfloat-abi=soft -mthumb -Wl,--start-group -lc -lm -Wl,--end-group
Finished building target: lecture1.elf
 
arm-none-eabi-size  lecture1.elf 
arm-none-eabi-objdump -h -S lecture1.elf  > "lecture1.list"
   text	   data	    bss	    dec	    hex	filename
   5008	      4	   1564	   6576	   19b0	lecture1.elf
Finished building: default.size.stdout
 
Finished building: lecture1.list
 
11:22:35 **** Incremental Build of configuration Debug for project lecture1 ****
make -j4 all 
arm-none-eabi-gcc "../Core/Src/main.c" -mcpu=cortex-m0 -std=gnu11 -g3 -DDEBUG -DSTM32F030x8 -DUSE_FULL_LL_DRIVER -DHSE_VALUE=8000000 -DHSE_STARTUP_TIMEOUT=100 -DLSE_STARTUP_TIMEOUT=5000 -DLSE_VALUE=32768 -DHSI_VALUE=8000000 -DLSI_VALUE=40000 -DVDD_VALUE=3300 -DPREFETCH_ENABLE=1 -DINSTRUCTION_CACHE_ENABLE=0 -DDATA_CACHE_ENABLE=0 -c -I../Core/Inc -I../Drivers/STM32F0xx_HAL_Driver/Inc -I../Drivers/CMSIS/Device/ST/STM32F0xx/Include -I../Drivers/CMSIS/Include -O0 -ffunction-sections -fdata-sections -Wall -fstack-usage -fcyclomatic-complexity -MMD -MP -MF"Core/Src/main.d" -MT"Core/Src/main.o" --specs=nano.specs -mfloat-abi=soft -mthumb -o "Core/Src/main.o"
../Core/Src/main.c: In function 'main':
../Core/Src/main.c:99:11: warning: unused variable 'array' [-Wunused-variable]
   99 |   uint8_t array[32] = {1,0,1,0,1,0,0,1,1,1,0,1,1,1,0,1,1,1,0,0,1,0,1,0,1,0,0,0,0,0,0,0};
      |           ^~~~~
arm-none-eabi-gcc -o "lecture1.elf" @"objects.list"   -mcpu=cortex-m0 -T"C:\Users\240689\git\Microcontrollers\lecture1\STM32F030R8TX_FLASH.ld" --specs=nosys.specs -Wl,-Map="lecture1.map" -Wl,--gc-sections -static --specs=nano.specs -mfloat-abi=soft -mthumb -Wl,--start-group -lc -lm -Wl,--end-group
Finished building target: lecture1.elf
 
arm-none-eabi-size  lecture1.elf 
arm-none-eabi-objdump -h -S lecture1.elf  > "lecture1.list"
   text	   data	    bss	    dec	    hex	filename
   5008	      4	   1564	   6576	   19b0	lecture1.elf
Finished building: default.size.stdout
 
Finished building: lecture1.list
 
11:24:09 **** Incremental Build of configuration Debug for project lecture1 ****
make -j4 all 
arm-none-eabi-gcc "../Core/Src/main.c" -mcpu=cortex-m0 -std=gnu11 -g3 -DDEBUG -DSTM32F030x8 -DUSE_FULL_LL_DRIVER -DHSE_VALUE=8000000 -DHSE_STARTUP_TIMEOUT=100 -DLSE_STARTUP_TIMEOUT=5000 -DLSE_VALUE=32768 -DHSI_VALUE=8000000 -DLSI_VALUE=40000 -DVDD_VALUE=3300 -DPREFETCH_ENABLE=1 -DINSTRUCTION_CACHE_ENABLE=0 -DDATA_CACHE_ENABLE=0 -c -I../Core/Inc -I../Drivers/STM32F0xx_HAL_Driver/Inc -I../Drivers/CMSIS/Device/ST/STM32F0xx/Include -I../Drivers/CMSIS/Include -O0 -ffunction-sections -fdata-sections -Wall -fstack-usage -fcyclomatic-complexity -MMD -MP -MF"Core/Src/main.d" -MT"Core/Src/main.o" --specs=nano.specs -mfloat-abi=soft -mthumb -o "Core/Src/main.o"
../Core/Src/main.c: In function 'main':
../Core/Src/main.c:99:11: warning: unused variable 'array' [-Wunused-variable]
   99 |   uint8_t array[32] = {1,0,1,0,1,0,0,1,1,1,0,1,1,1,0,1,1,1,0,0,1,0,1,0,1,0,0,0,0,0,0,0};
      |           ^~~~~
arm-none-eabi-gcc -o "lecture1.elf" @"objects.list"   -mcpu=cortex-m0 -T"C:\Users\240689\git\Microcontrollers\lecture1\STM32F030R8TX_FLASH.ld" --specs=nosys.specs -Wl,-Map="lecture1.map" -Wl,--gc-sections -static --specs=nano.specs -mfloat-abi=soft -mthumb -Wl,--start-group -lc -lm -Wl,--end-group
Finished building target: lecture1.elf
 
arm-none-eabi-size  lecture1.elf 
arm-none-eabi-objdump -h -S lecture1.elf  > "lecture1.list"
   text	   data	    bss	    dec	    hex	filename
   5012	      4	   1564	   6580	   19b4	lecture1.elf
Finished building: default.size.stdout
 
Finished building: lecture1.list
 
11:25:25 **** Incremental Build of configuration Debug for project lecture1 ****
make -j4 all 
arm-none-eabi-gcc "../Core/Src/main.c" -mcpu=cortex-m0 -std=gnu11 -g3 -DDEBUG -DSTM32F030x8 -DUSE_FULL_LL_DRIVER -DHSE_VALUE=8000000 -DHSE_STARTUP_TIMEOUT=100 -DLSE_STARTUP_TIMEOUT=5000 -DLSE_VALUE=32768 -DHSI_VALUE=8000000 -DLSI_VALUE=40000 -DVDD_VALUE=3300 -DPREFETCH_ENABLE=1 -DINSTRUCTION_CACHE_ENABLE=0 -DDATA_CACHE_ENABLE=0 -c -I../Core/Inc -I../Drivers/STM32F0xx_HAL_Driver/Inc -I../Drivers/CMSIS/Device/ST/STM32F0xx/Include -I../Drivers/CMSIS/Include -O0 -ffunction-sections -fdata-sections -Wall -fstack-usage -fcyclomatic-complexity -MMD -MP -MF"Core/Src/main.d" -MT"Core/Src/main.o" --specs=nano.specs -mfloat-abi=soft -mthumb -o "Core/Src/main.o"
../Core/Src/main.c: In function 'main':
../Core/Src/main.c:99:11: warning: unused variable 'array' [-Wunused-variable]
   99 |   uint8_t array[32] = {1,0,1,0,1,0,0,1,1,1,0,1,1,1,0,1,1,1,0,0,1,0,1,0,1,0,0,0,0,0,0,0};
      |           ^~~~~
arm-none-eabi-gcc -o "lecture1.elf" @"objects.list"   -mcpu=cortex-m0 -T"C:\Users\240689\git\Microcontrollers\lecture1\STM32F030R8TX_FLASH.ld" --specs=nosys.specs -Wl,-Map="lecture1.map" -Wl,--gc-sections -static --specs=nano.specs -mfloat-abi=soft -mthumb -Wl,--start-group -lc -lm -Wl,--end-group
Finished building target: lecture1.elf
 
arm-none-eabi-size  lecture1.elf 
arm-none-eabi-objdump -h -S lecture1.elf  > "lecture1.list"
   text	   data	    bss	    dec	    hex	filename
   5008	      4	   1564	   6576	   19b0	lecture1.elf
Finished building: default.size.stdout
 
Finished building: lecture1.list
 
11:26:04 **** Incremental Build of configuration Debug for project lecture1 ****
make -j4 all 
arm-none-eabi-gcc "../Core/Src/main.c" -mcpu=cortex-m0 -std=gnu11 -g3 -DDEBUG -DSTM32F030x8 -DUSE_FULL_LL_DRIVER -DHSE_VALUE=8000000 -DHSE_STARTUP_TIMEOUT=100 -DLSE_STARTUP_TIMEOUT=5000 -DLSE_VALUE=32768 -DHSI_VALUE=8000000 -DLSI_VALUE=40000 -DVDD_VALUE=3300 -DPREFETCH_ENABLE=1 -DINSTRUCTION_CACHE_ENABLE=0 -DDATA_CACHE_ENABLE=0 -c -I../Core/Inc -I../Drivers/STM32F0xx_HAL_Driver/Inc -I../Drivers/CMSIS/Device/ST/STM32F0xx/Include -I../Drivers/CMSIS/Include -O0 -ffunction-sections -fdata-sections -Wall -fstack-usage -fcyclomatic-complexity -MMD -MP -MF"Core/Src/main.d" -MT"Core/Src/main.o" --specs=nano.specs -mfloat-abi=soft -mthumb -o "Core/Src/main.o"
../Core/Src/main.c: In function 'main':
../Core/Src/main.c:99:11: warning: unused variable 'array' [-Wunused-variable]
   99 |   uint8_t array[32] = {1,0,1,0,1,0,0,1,1,1,0,1,1,1,0,1,1,1,0,0,1,0,1,0,1,0,0,0,0,0,0,0};
      |           ^~~~~
arm-none-eabi-gcc -o "lecture1.elf" @"objects.list"   -mcpu=cortex-m0 -T"C:\Users\240689\git\Microcontrollers\lecture1\STM32F030R8TX_FLASH.ld" --specs=nosys.specs -Wl,-Map="lecture1.map" -Wl,--gc-sections -static --specs=nano.specs -mfloat-abi=soft -mthumb -Wl,--start-group -lc -lm -Wl,--end-group
Finished building target: lecture1.elf
 
arm-none-eabi-size  lecture1.elf 
arm-none-eabi-objdump -h -S lecture1.elf  > "lecture1.list"
   text	   data	    bss	    dec	    hex	filename
   5008	      4	   1564	   6576	   19b0	lecture1.elf
Finished building: default.size.stdout
 
Finished building: lecture1.list
 
11:27:56 **** Incremental Build of configuration Debug for project lecture1 ****
make -j4 all 
arm-none-eabi-gcc "../Core/Src/main.c" -mcpu=cortex-m0 -std=gnu11 -g3 -DDEBUG -DSTM32F030x8 -DUSE_FULL_LL_DRIVER -DHSE_VALUE=8000000 -DHSE_STARTUP_TIMEOUT=100 -DLSE_STARTUP_TIMEOUT=5000 -DLSE_VALUE=32768 -DHSI_VALUE=8000000 -DLSI_VALUE=40000 -DVDD_VALUE=3300 -DPREFETCH_ENABLE=1 -DINSTRUCTION_CACHE_ENABLE=0 -DDATA_CACHE_ENABLE=0 -c -I../Core/Inc -I../Drivers/STM32F0xx_HAL_Driver/Inc -I../Drivers/CMSIS/Device/ST/STM32F0xx/Include -I../Drivers/CMSIS/Include -O0 -ffunction-sections -fdata-sections -Wall -fstack-usage -fcyclomatic-complexity -MMD -MP -MF"Core/Src/main.d" -MT"Core/Src/main.o" --specs=nano.specs -mfloat-abi=soft -mthumb -o "Core/Src/main.o"
../Core/Src/main.c: In function 'main':
../Core/Src/main.c:99:11: warning: unused variable 'array' [-Wunused-variable]
   99 |   uint8_t array[32] = {1,0,1,0,1,0,0,1,1,1,0,1,1,1,0,1,1,1,0,0,1,0,1,0,1,0,0,0,0,0,0,0};
      |           ^~~~~
arm-none-eabi-gcc -o "lecture1.elf" @"objects.list"   -mcpu=cortex-m0 -T"C:\Users\240689\git\Microcontrollers\lecture1\STM32F030R8TX_FLASH.ld" --specs=nosys.specs -Wl,-Map="lecture1.map" -Wl,--gc-sections -static --specs=nano.specs -mfloat-abi=soft -mthumb -Wl,--start-group -lc -lm -Wl,--end-group
Finished building target: lecture1.elf
 
arm-none-eabi-size  lecture1.elf 
arm-none-eabi-objdump -h -S lecture1.elf  > "lecture1.list"
   text	   data	    bss	    dec	    hex	filename
   5012	      4	   1564	   6580	   19b4	lecture1.elf
Finished building: default.size.stdout
 
Finished building: lecture1.list
 
11:28:15 **** Incremental Build of configuration Debug for project lecture1 ****
make -j4 all 
arm-none-eabi-size  lecture1.elf 
   text	   data	    bss	    dec	    hex	filename
   5012	      4	   1564	   6580	   19b4	lecture1.elf
Finished building: default.size.stdout
 
11:29:35 **** Incremental Build of configuration Debug for project lecture1 ****
make -j4 all 
arm-none-eabi-gcc "../Core/Src/main.c" -mcpu=cortex-m0 -std=gnu11 -g3 -DDEBUG -DSTM32F030x8 -DUSE_FULL_LL_DRIVER -DHSE_VALUE=8000000 -DHSE_STARTUP_TIMEOUT=100 -DLSE_STARTUP_TIMEOUT=5000 -DLSE_VALUE=32768 -DHSI_VALUE=8000000 -DLSI_VALUE=40000 -DVDD_VALUE=3300 -DPREFETCH_ENABLE=1 -DINSTRUCTION_CACHE_ENABLE=0 -DDATA_CACHE_ENABLE=0 -c -I../Core/Inc -I../Drivers/STM32F0xx_HAL_Driver/Inc -I../Drivers/CMSIS/Device/ST/STM32F0xx/Include -I../Drivers/CMSIS/Include -O0 -ffunction-sections -fdata-sections -Wall -fstack-usage -fcyclomatic-complexity -MMD -MP -MF"Core/Src/main.d" -MT"Core/Src/main.o" --specs=nano.specs -mfloat-abi=soft -mthumb -o "Core/Src/main.o"
../Core/Src/main.c: In function 'main':
../Core/Src/main.c:99:11: warning: unused variable 'array' [-Wunused-variable]
   99 |   uint8_t array[32] = {1,0,1,0,1,0,0,1,1,1,0,1,1,1,0,1,1,1,0,0,1,0,1,0,1,0,0,0,0,0,0,0};
      |           ^~~~~
arm-none-eabi-gcc -o "lecture1.elf" @"objects.list"   -mcpu=cortex-m0 -T"C:\Users\240689\git\Microcontrollers\lecture1\STM32F030R8TX_FLASH.ld" --specs=nosys.specs -Wl,-Map="lecture1.map" -Wl,--gc-sections -static --specs=nano.specs -mfloat-abi=soft -mthumb -Wl,--start-group -lc -lm -Wl,--end-group
Finished building target: lecture1.elf
 
arm-none-eabi-size  lecture1.elf 
arm-none-eabi-objdump -h -S lecture1.elf  > "lecture1.list"
   text	   data	    bss	    dec	    hex	filename
   5016	      4	   1564	   6584	   19b8	lecture1.elf
Finished building: default.size.stdout
 
Finished building: lecture1.list
 
11:30:38 **** Incremental Build of configuration Debug for project lecture1 ****
make -j4 all 
arm-none-eabi-gcc "../Core/Src/main.c" -mcpu=cortex-m0 -std=gnu11 -g3 -DDEBUG -DSTM32F030x8 -DUSE_FULL_LL_DRIVER -DHSE_VALUE=8000000 -DHSE_STARTUP_TIMEOUT=100 -DLSE_STARTUP_TIMEOUT=5000 -DLSE_VALUE=32768 -DHSI_VALUE=8000000 -DLSI_VALUE=40000 -DVDD_VALUE=3300 -DPREFETCH_ENABLE=1 -DINSTRUCTION_CACHE_ENABLE=0 -DDATA_CACHE_ENABLE=0 -c -I../Core/Inc -I../Drivers/STM32F0xx_HAL_Driver/Inc -I../Drivers/CMSIS/Device/ST/STM32F0xx/Include -I../Drivers/CMSIS/Include -O0 -ffunction-sections -fdata-sections -Wall -fstack-usage -fcyclomatic-complexity -MMD -MP -MF"Core/Src/main.d" -MT"Core/Src/main.o" --specs=nano.specs -mfloat-abi=soft -mthumb -o "Core/Src/main.o"
../Core/Src/main.c: In function 'main':
../Core/Src/main.c:99:11: warning: unused variable 'array' [-Wunused-variable]
   99 |   uint8_t array[32] = {1,0,1,0,1,0,0,1,1,1,0,1,1,1,0,1,1,1,0,0,1,0,1,0,1,0,0,0,0,0,0,0};
      |           ^~~~~
arm-none-eabi-gcc -o "lecture1.elf" @"objects.list"   -mcpu=cortex-m0 -T"C:\Users\240689\git\Microcontrollers\lecture1\STM32F030R8TX_FLASH.ld" --specs=nosys.specs -Wl,-Map="lecture1.map" -Wl,--gc-sections -static --specs=nano.specs -mfloat-abi=soft -mthumb -Wl,--start-group -lc -lm -Wl,--end-group
Finished building target: lecture1.elf
 
arm-none-eabi-size  lecture1.elf 
arm-none-eabi-objdump -h -S lecture1.elf  > "lecture1.list"
   text	   data	    bss	    dec	    hex	filename
   5008	      4	   1564	   6576	   19b0	lecture1.elf
Finished building: default.size.stdout
 
Finished building: lecture1.list
 
11:31:53 **** Incremental Build of configuration Debug for project lecture1 ****
make -j4 all 
arm-none-eabi-gcc "../Core/Src/main.c" -mcpu=cortex-m0 -std=gnu11 -g3 -DDEBUG -DSTM32F030x8 -DUSE_FULL_LL_DRIVER -DHSE_VALUE=8000000 -DHSE_STARTUP_TIMEOUT=100 -DLSE_STARTUP_TIMEOUT=5000 -DLSE_VALUE=32768 -DHSI_VALUE=8000000 -DLSI_VALUE=40000 -DVDD_VALUE=3300 -DPREFETCH_ENABLE=1 -DINSTRUCTION_CACHE_ENABLE=0 -DDATA_CACHE_ENABLE=0 -c -I../Core/Inc -I../Drivers/STM32F0xx_HAL_Driver/Inc -I../Drivers/CMSIS/Device/ST/STM32F0xx/Include -I../Drivers/CMSIS/Include -O0 -ffunction-sections -fdata-sections -Wall -fstack-usage -fcyclomatic-complexity -MMD -MP -MF"Core/Src/main.d" -MT"Core/Src/main.o" --specs=nano.specs -mfloat-abi=soft -mthumb -o "Core/Src/main.o"
../Core/Src/main.c: In function 'main':
../Core/Src/main.c:99:11: warning: unused variable 'array' [-Wunused-variable]
   99 |   uint8_t array[32] = {1,0,1,0,1,0,0,1,1,1,0,1,1,1,0,1,1,1,0,0,1,0,1,0,1,0,0,0,0,0,0,0};
      |           ^~~~~
arm-none-eabi-gcc -o "lecture1.elf" @"objects.list"   -mcpu=cortex-m0 -T"C:\Users\240689\git\Microcontrollers\lecture1\STM32F030R8TX_FLASH.ld" --specs=nosys.specs -Wl,-Map="lecture1.map" -Wl,--gc-sections -static --specs=nano.specs -mfloat-abi=soft -mthumb -Wl,--start-group -lc -lm -Wl,--end-group
Finished building target: lecture1.elf
 
arm-none-eabi-size  lecture1.elf 
arm-none-eabi-objdump -h -S lecture1.elf  > "lecture1.list"
   text	   data	    bss	    dec	    hex	filename
   5008	      4	   1564	   6576	   19b0	lecture1.elf
Finished building: default.size.stdout
 
Finished building: lecture1.list
 
11:33:00 **** Incremental Build of configuration Debug for project lecture1 ****
make -j4 all 
arm-none-eabi-gcc "../Core/Src/main.c" -mcpu=cortex-m0 -std=gnu11 -g3 -DDEBUG -DSTM32F030x8 -DUSE_FULL_LL_DRIVER -DHSE_VALUE=8000000 -DHSE_STARTUP_TIMEOUT=100 -DLSE_STARTUP_TIMEOUT=5000 -DLSE_VALUE=32768 -DHSI_VALUE=8000000 -DLSI_VALUE=40000 -DVDD_VALUE=3300 -DPREFETCH_ENABLE=1 -DINSTRUCTION_CACHE_ENABLE=0 -DDATA_CACHE_ENABLE=0 -c -I../Core/Inc -I../Drivers/STM32F0xx_HAL_Driver/Inc -I../Drivers/CMSIS/Device/ST/STM32F0xx/Include -I../Drivers/CMSIS/Include -O0 -ffunction-sections -fdata-sections -Wall -fstack-usage -fcyclomatic-complexity -MMD -MP -MF"Core/Src/main.d" -MT"Core/Src/main.o" --specs=nano.specs -mfloat-abi=soft -mthumb -o "Core/Src/main.o"
../Core/Src/main.c: In function 'main':
../Core/Src/main.c:99:11: warning: unused variable 'array' [-Wunused-variable]
   99 |   uint8_t array[32] = {1,0,1,0,1,0,0,1,1,1,0,1,1,1,0,1,1,1,0,0,1,0,1,0,1,0,0,0,0,0,0,0};
      |           ^~~~~
arm-none-eabi-gcc -o "lecture1.elf" @"objects.list"   -mcpu=cortex-m0 -T"C:\Users\240689\git\Microcontrollers\lecture1\STM32F030R8TX_FLASH.ld" --specs=nosys.specs -Wl,-Map="lecture1.map" -Wl,--gc-sections -static --specs=nano.specs -mfloat-abi=soft -mthumb -Wl,--start-group -lc -lm -Wl,--end-group
Finished building target: lecture1.elf
 
arm-none-eabi-size  lecture1.elf 
arm-none-eabi-objdump -h -S lecture1.elf  > "lecture1.list"
   text	   data	    bss	    dec	    hex	filename
   5012	      4	   1564	   6580	   19b4	lecture1.elf
Finished building: default.size.stdout
 
Finished building: lecture1.list
 
11:34:55 **** Incremental Build of configuration Debug for project lecture1 ****
make -j4 all 
arm-none-eabi-gcc "../Core/Src/main.c" -mcpu=cortex-m0 -std=gnu11 -g3 -DDEBUG -DSTM32F030x8 -DUSE_FULL_LL_DRIVER -DHSE_VALUE=8000000 -DHSE_STARTUP_TIMEOUT=100 -DLSE_STARTUP_TIMEOUT=5000 -DLSE_VALUE=32768 -DHSI_VALUE=8000000 -DLSI_VALUE=40000 -DVDD_VALUE=3300 -DPREFETCH_ENABLE=1 -DINSTRUCTION_CACHE_ENABLE=0 -DDATA_CACHE_ENABLE=0 -c -I../Core/Inc -I../Drivers/STM32F0xx_HAL_Driver/Inc -I../Drivers/CMSIS/Device/ST/STM32F0xx/Include -I../Drivers/CMSIS/Include -O0 -ffunction-sections -fdata-sections -Wall -fstack-usage -fcyclomatic-complexity -MMD -MP -MF"Core/Src/main.d" -MT"Core/Src/main.o" --specs=nano.specs -mfloat-abi=soft -mthumb -o "Core/Src/main.o"
../Core/Src/main.c: In function 'main':
../Core/Src/main.c:103:30: warning: suggest parentheses around comparison in operand of '&' [-Wparentheses]
  103 |         if (sig & (sig >> i) == 1){
      |                   ~~~~~~~~~~~^~~~
../Core/Src/main.c:114:17: error: 'sig_sh' undeclared (first use in this function)
  114 |                 sig_sh = sig;
      |                 ^~~~~~
../Core/Src/main.c:114:17: note: each undeclared identifier is reported only once for each function it appears in
make: *** [Core/Src/subdir.mk:31: Core/Src/main.o] Error 1
"make -j4 all" terminated with exit code 2. Build might be incomplete.
11:35:10 **** Incremental Build of configuration Debug for project lecture1 ****
make -j4 all 
arm-none-eabi-gcc "../Core/Src/main.c" -mcpu=cortex-m0 -std=gnu11 -g3 -DDEBUG -DSTM32F030x8 -DUSE_FULL_LL_DRIVER -DHSE_VALUE=8000000 -DHSE_STARTUP_TIMEOUT=100 -DLSE_STARTUP_TIMEOUT=5000 -DLSE_VALUE=32768 -DHSI_VALUE=8000000 -DLSI_VALUE=40000 -DVDD_VALUE=3300 -DPREFETCH_ENABLE=1 -DINSTRUCTION_CACHE_ENABLE=0 -DDATA_CACHE_ENABLE=0 -c -I../Core/Inc -I../Drivers/STM32F0xx_HAL_Driver/Inc -I../Drivers/CMSIS/Device/ST/STM32F0xx/Include -I../Drivers/CMSIS/Include -O0 -ffunction-sections -fdata-sections -Wall -fstack-usage -fcyclomatic-complexity -MMD -MP -MF"Core/Src/main.d" -MT"Core/Src/main.o" --specs=nano.specs -mfloat-abi=soft -mthumb -o "Core/Src/main.o"
../Core/Src/main.c: In function 'main':
../Core/Src/main.c:103:30: warning: suggest parentheses around comparison in operand of '&' [-Wparentheses]
  103 |         if (sig & (sig >> i) == 1){
      |                   ~~~~~~~~~~~^~~~
arm-none-eabi-gcc -o "lecture1.elf" @"objects.list"   -mcpu=cortex-m0 -T"C:\Users\240689\git\Microcontrollers\lecture1\STM32F030R8TX_FLASH.ld" --specs=nosys.specs -Wl,-Map="lecture1.map" -Wl,--gc-sections -static --specs=nano.specs -mfloat-abi=soft -mthumb -Wl,--start-group -lc -lm -Wl,--end-group
Finished building target: lecture1.elf
 
arm-none-eabi-size  lecture1.elf 
arm-none-eabi-objdump -h -S lecture1.elf  > "lecture1.list"
   text	   data	    bss	    dec	    hex	filename
   4956	      4	   1564	   6524	   197c	lecture1.elf
Finished building: default.size.stdout
 
Finished building: lecture1.list
 
11:35:53 **** Incremental Build of configuration Debug for project lecture1 ****
make -j4 all 
arm-none-eabi-gcc "../Core/Src/main.c" -mcpu=cortex-m0 -std=gnu11 -g3 -DDEBUG -DSTM32F030x8 -DUSE_FULL_LL_DRIVER -DHSE_VALUE=8000000 -DHSE_STARTUP_TIMEOUT=100 -DLSE_STARTUP_TIMEOUT=5000 -DLSE_VALUE=32768 -DHSI_VALUE=8000000 -DLSI_VALUE=40000 -DVDD_VALUE=3300 -DPREFETCH_ENABLE=1 -DINSTRUCTION_CACHE_ENABLE=0 -DDATA_CACHE_ENABLE=0 -c -I../Core/Inc -I../Drivers/STM32F0xx_HAL_Driver/Inc -I../Drivers/CMSIS/Device/ST/STM32F0xx/Include -I../Drivers/CMSIS/Include -O0 -ffunction-sections -fdata-sections -Wall -fstack-usage -fcyclomatic-complexity -MMD -MP -MF"Core/Src/main.d" -MT"Core/Src/main.o" --specs=nano.specs -mfloat-abi=soft -mthumb -o "Core/Src/main.o"
arm-none-eabi-gcc -o "lecture1.elf" @"objects.list"   -mcpu=cortex-m0 -T"C:\Users\240689\git\Microcontrollers\lecture1\STM32F030R8TX_FLASH.ld" --specs=nosys.specs -Wl,-Map="lecture1.map" -Wl,--gc-sections -static --specs=nano.specs -mfloat-abi=soft -mthumb -Wl,--start-group -lc -lm -Wl,--end-group
Finished building target: lecture1.elf
 
arm-none-eabi-size  lecture1.elf 
arm-none-eabi-objdump -h -S lecture1.elf  > "lecture1.list"
   text	   data	    bss	    dec	    hex	filename
   4948	      4	   1564	   6516	   1974	lecture1.elf
Finished building: default.size.stdout
 
Finished building: lecture1.list
 
11:36:36 **** Incremental Build of configuration Debug for project lecture1 ****
make -j4 all 
arm-none-eabi-size  lecture1.elf 
   text	   data	    bss	    dec	    hex	filename
   4948	      4	   1564	   6516	   1974	lecture1.elf
Finished building: default.size.stdout
 
11:38:03 **** Incremental Build of configuration Debug for project lecture1 ****
make -j4 all 
arm-none-eabi-gcc "../Core/Src/main.c" -mcpu=cortex-m0 -std=gnu11 -g3 -DDEBUG -DSTM32F030x8 -DUSE_FULL_LL_DRIVER -DHSE_VALUE=8000000 -DHSE_STARTUP_TIMEOUT=100 -DLSE_STARTUP_TIMEOUT=5000 -DLSE_VALUE=32768 -DHSI_VALUE=8000000 -DLSI_VALUE=40000 -DVDD_VALUE=3300 -DPREFETCH_ENABLE=1 -DINSTRUCTION_CACHE_ENABLE=0 -DDATA_CACHE_ENABLE=0 -c -I../Core/Inc -I../Drivers/STM32F0xx_HAL_Driver/Inc -I../Drivers/CMSIS/Device/ST/STM32F0xx/Include -I../Drivers/CMSIS/Include -O0 -ffunction-sections -fdata-sections -Wall -fstack-usage -fcyclomatic-complexity -MMD -MP -MF"Core/Src/main.d" -MT"Core/Src/main.o" --specs=nano.specs -mfloat-abi=soft -mthumb -o "Core/Src/main.o"
../Core/Src/main.c: In function 'main':
../Core/Src/main.c:100:12: warning: variable 'a' set but not used [-Wunused-but-set-variable]
  100 |   uint32_t a = 0;
      |            ^
arm-none-eabi-gcc -o "lecture1.elf" @"objects.list"   -mcpu=cortex-m0 -T"C:\Users\240689\git\Microcontrollers\lecture1\STM32F030R8TX_FLASH.ld" --specs=nosys.specs -Wl,-Map="lecture1.map" -Wl,--gc-sections -static --specs=nano.specs -mfloat-abi=soft -mthumb -Wl,--start-group -lc -lm -Wl,--end-group
Finished building target: lecture1.elf
 
arm-none-eabi-size  lecture1.elf 
arm-none-eabi-objdump -h -S lecture1.elf  > "lecture1.list"
   text	   data	    bss	    dec	    hex	filename
   4972	      4	   1564	   6540	   198c	lecture1.elf
Finished building: default.size.stdout
 
Finished building: lecture1.list
 
11:39:28 **** Incremental Build of configuration Debug for project lecture1 ****
make -j4 all 
arm-none-eabi-gcc "../Core/Src/main.c" -mcpu=cortex-m0 -std=gnu11 -g3 -DDEBUG -DSTM32F030x8 -DUSE_FULL_LL_DRIVER -DHSE_VALUE=8000000 -DHSE_STARTUP_TIMEOUT=100 -DLSE_STARTUP_TIMEOUT=5000 -DLSE_VALUE=32768 -DHSI_VALUE=8000000 -DLSI_VALUE=40000 -DVDD_VALUE=3300 -DPREFETCH_ENABLE=1 -DINSTRUCTION_CACHE_ENABLE=0 -DDATA_CACHE_ENABLE=0 -c -I../Core/Inc -I../Drivers/STM32F0xx_HAL_Driver/Inc -I../Drivers/CMSIS/Device/ST/STM32F0xx/Include -I../Drivers/CMSIS/Include -O0 -ffunction-sections -fdata-sections -Wall -fstack-usage -fcyclomatic-complexity -MMD -MP -MF"Core/Src/main.d" -MT"Core/Src/main.o" --specs=nano.specs -mfloat-abi=soft -mthumb -o "Core/Src/main.o"
../Core/Src/main.c: In function 'main':
../Core/Src/main.c:100:12: warning: variable 'a' set but not used [-Wunused-but-set-variable]
  100 |   uint32_t a = 0;
      |            ^
arm-none-eabi-gcc -o "lecture1.elf" @"objects.list"   -mcpu=cortex-m0 -T"C:\Users\240689\git\Microcontrollers\lecture1\STM32F030R8TX_FLASH.ld" --specs=nosys.specs -Wl,-Map="lecture1.map" -Wl,--gc-sections -static --specs=nano.specs -mfloat-abi=soft -mthumb -Wl,--start-group -lc -lm -Wl,--end-group
Finished building target: lecture1.elf
 
arm-none-eabi-size  lecture1.elf 
arm-none-eabi-objdump -h -S lecture1.elf  > "lecture1.list"
   text	   data	    bss	    dec	    hex	filename
   4972	      4	   1564	   6540	   198c	lecture1.elf
Finished building: default.size.stdout
 
Finished building: lecture1.list
 
11:40:05 **** Incremental Build of configuration Debug for project lecture1 ****
make -j4 all 
arm-none-eabi-gcc "../Core/Src/main.c" -mcpu=cortex-m0 -std=gnu11 -g3 -DDEBUG -DSTM32F030x8 -DUSE_FULL_LL_DRIVER -DHSE_VALUE=8000000 -DHSE_STARTUP_TIMEOUT=100 -DLSE_STARTUP_TIMEOUT=5000 -DLSE_VALUE=32768 -DHSI_VALUE=8000000 -DLSI_VALUE=40000 -DVDD_VALUE=3300 -DPREFETCH_ENABLE=1 -DINSTRUCTION_CACHE_ENABLE=0 -DDATA_CACHE_ENABLE=0 -c -I../Core/Inc -I../Drivers/STM32F0xx_HAL_Driver/Inc -I../Drivers/CMSIS/Device/ST/STM32F0xx/Include -I../Drivers/CMSIS/Include -O0 -ffunction-sections -fdata-sections -Wall -fstack-usage -fcyclomatic-complexity -MMD -MP -MF"Core/Src/main.d" -MT"Core/Src/main.o" --specs=nano.specs -mfloat-abi=soft -mthumb -o "Core/Src/main.o"
../Core/Src/main.c: In function 'main':
../Core/Src/main.c:100:12: warning: variable 'a' set but not used [-Wunused-but-set-variable]
  100 |   uint32_t a = 0;
      |            ^
arm-none-eabi-gcc -o "lecture1.elf" @"objects.list"   -mcpu=cortex-m0 -T"C:\Users\240689\git\Microcontrollers\lecture1\STM32F030R8TX_FLASH.ld" --specs=nosys.specs -Wl,-Map="lecture1.map" -Wl,--gc-sections -static --specs=nano.specs -mfloat-abi=soft -mthumb -Wl,--start-group -lc -lm -Wl,--end-group
Finished building target: lecture1.elf
 
arm-none-eabi-size  lecture1.elf 
arm-none-eabi-objdump -h -S lecture1.elf  > "lecture1.list"
   text	   data	    bss	    dec	    hex	filename
   4972	      4	   1564	   6540	   198c	lecture1.elf
Finished building: default.size.stdout
 
Finished building: lecture1.list
 
11:41:24 **** Incremental Build of configuration Debug for project lecture1 ****
make -j4 all 
arm-none-eabi-gcc "../Core/Src/main.c" -mcpu=cortex-m0 -std=gnu11 -g3 -DDEBUG -DSTM32F030x8 -DUSE_FULL_LL_DRIVER -DHSE_VALUE=8000000 -DHSE_STARTUP_TIMEOUT=100 -DLSE_STARTUP_TIMEOUT=5000 -DLSE_VALUE=32768 -DHSI_VALUE=8000000 -DLSI_VALUE=40000 -DVDD_VALUE=3300 -DPREFETCH_ENABLE=1 -DINSTRUCTION_CACHE_ENABLE=0 -DDATA_CACHE_ENABLE=0 -c -I../Core/Inc -I../Drivers/STM32F0xx_HAL_Driver/Inc -I../Drivers/CMSIS/Device/ST/STM32F0xx/Include -I../Drivers/CMSIS/Include -O0 -ffunction-sections -fdata-sections -Wall -fstack-usage -fcyclomatic-complexity -MMD -MP -MF"Core/Src/main.d" -MT"Core/Src/main.o" --specs=nano.specs -mfloat-abi=soft -mthumb -o "Core/Src/main.o"
arm-none-eabi-gcc -o "lecture1.elf" @"objects.list"   -mcpu=cortex-m0 -T"C:\Users\240689\git\Microcontrollers\lecture1\STM32F030R8TX_FLASH.ld" --specs=nosys.specs -Wl,-Map="lecture1.map" -Wl,--gc-sections -static --specs=nano.specs -mfloat-abi=soft -mthumb -Wl,--start-group -lc -lm -Wl,--end-group
Finished building target: lecture1.elf
 
arm-none-eabi-size  lecture1.elf 
arm-none-eabi-objdump -h -S lecture1.elf  > "lecture1.list"
   text	   data	    bss	    dec	    hex	filename
   4964	      4	   1564	   6532	   1984	lecture1.elf
Finished building: default.size.stdout
 
Finished building: lecture1.list
 
11:43:12 **** Incremental Build of configuration Debug for project lecture1 ****
make -j4 all 
arm-none-eabi-gcc "../Core/Src/main.c" -mcpu=cortex-m0 -std=gnu11 -g3 -DDEBUG -DSTM32F030x8 -DUSE_FULL_LL_DRIVER -DHSE_VALUE=8000000 -DHSE_STARTUP_TIMEOUT=100 -DLSE_STARTUP_TIMEOUT=5000 -DLSE_VALUE=32768 -DHSI_VALUE=8000000 -DLSI_VALUE=40000 -DVDD_VALUE=3300 -DPREFETCH_ENABLE=1 -DINSTRUCTION_CACHE_ENABLE=0 -DDATA_CACHE_ENABLE=0 -c -I../Core/Inc -I../Drivers/STM32F0xx_HAL_Driver/Inc -I../Drivers/CMSIS/Device/ST/STM32F0xx/Include -I../Drivers/CMSIS/Include -O0 -ffunction-sections -fdata-sections -Wall -fstack-usage -fcyclomatic-complexity -MMD -MP -MF"Core/Src/main.d" -MT"Core/Src/main.o" --specs=nano.specs -mfloat-abi=soft -mthumb -o "Core/Src/main.o"
arm-none-eabi-gcc -o "lecture1.elf" @"objects.list"   -mcpu=cortex-m0 -T"C:\Users\240689\git\Microcontrollers\lecture1\STM32F030R8TX_FLASH.ld" --specs=nosys.specs -Wl,-Map="lecture1.map" -Wl,--gc-sections -static --specs=nano.specs -mfloat-abi=soft -mthumb -Wl,--start-group -lc -lm -Wl,--end-group
Finished building target: lecture1.elf
 
arm-none-eabi-size  lecture1.elf 
arm-none-eabi-objdump -h -S lecture1.elf  > "lecture1.list"
   text	   data	    bss	    dec	    hex	filename
   4964	      4	   1564	   6532	   1984	lecture1.elf
Finished building: default.size.stdout
 
Finished building: lecture1.list
 
11:46:40 **** Incremental Build of configuration Debug for project lecture1 ****
make -j4 all 
arm-none-eabi-gcc "../Core/Src/main.c" -mcpu=cortex-m0 -std=gnu11 -g3 -DDEBUG -DSTM32F030x8 -DUSE_FULL_LL_DRIVER -DHSE_VALUE=8000000 -DHSE_STARTUP_TIMEOUT=100 -DLSE_STARTUP_TIMEOUT=5000 -DLSE_VALUE=32768 -DHSI_VALUE=8000000 -DLSI_VALUE=40000 -DVDD_VALUE=3300 -DPREFETCH_ENABLE=1 -DINSTRUCTION_CACHE_ENABLE=0 -DDATA_CACHE_ENABLE=0 -c -I../Core/Inc -I../Drivers/STM32F0xx_HAL_Driver/Inc -I../Drivers/CMSIS/Device/ST/STM32F0xx/Include -I../Drivers/CMSIS/Include -O0 -ffunction-sections -fdata-sections -Wall -fstack-usage -fcyclomatic-complexity -MMD -MP -MF"Core/Src/main.d" -MT"Core/Src/main.o" --specs=nano.specs -mfloat-abi=soft -mthumb -o "Core/Src/main.o"
../Core/Src/main.c: In function 'main':
../Core/Src/main.c:105:21: error: expected ';' before 'if'
  105 |         a = (1 << i)
      |                     ^
      |                     ;
  106 |         if ((sig & a) == 1){
      |         ~~           
../Core/Src/main.c:100:12: warning: variable 'a' set but not used [-Wunused-but-set-variable]
  100 |   uint32_t a = 0;
      |            ^
make: *** [Core/Src/subdir.mk:31: Core/Src/main.o] Error 1
"make -j4 all" terminated with exit code 2. Build might be incomplete.
11:46:54 **** Incremental Build of configuration Debug for project lecture1 ****
make -j4 all 
arm-none-eabi-gcc "../Core/Src/main.c" -mcpu=cortex-m0 -std=gnu11 -g3 -DDEBUG -DSTM32F030x8 -DUSE_FULL_LL_DRIVER -DHSE_VALUE=8000000 -DHSE_STARTUP_TIMEOUT=100 -DLSE_STARTUP_TIMEOUT=5000 -DLSE_VALUE=32768 -DHSI_VALUE=8000000 -DLSI_VALUE=40000 -DVDD_VALUE=3300 -DPREFETCH_ENABLE=1 -DINSTRUCTION_CACHE_ENABLE=0 -DDATA_CACHE_ENABLE=0 -c -I../Core/Inc -I../Drivers/STM32F0xx_HAL_Driver/Inc -I../Drivers/CMSIS/Device/ST/STM32F0xx/Include -I../Drivers/CMSIS/Include -O0 -ffunction-sections -fdata-sections -Wall -fstack-usage -fcyclomatic-complexity -MMD -MP -MF"Core/Src/main.d" -MT"Core/Src/main.o" --specs=nano.specs -mfloat-abi=soft -mthumb -o "Core/Src/main.o"
arm-none-eabi-gcc -o "lecture1.elf" @"objects.list"   -mcpu=cortex-m0 -T"C:\Users\240689\git\Microcontrollers\lecture1\STM32F030R8TX_FLASH.ld" --specs=nosys.specs -Wl,-Map="lecture1.map" -Wl,--gc-sections -static --specs=nano.specs -mfloat-abi=soft -mthumb -Wl,--start-group -lc -lm -Wl,--end-group
Finished building target: lecture1.elf
 
arm-none-eabi-size  lecture1.elf 
arm-none-eabi-objdump -h -S lecture1.elf  > "lecture1.list"
   text	   data	    bss	    dec	    hex	filename
   4968	      4	   1564	   6536	   1988	lecture1.elf
Finished building: default.size.stdout
 
Finished building: lecture1.list
 
11:47:57 **** Incremental Build of configuration Debug for project lecture1 ****
make -j4 all 
arm-none-eabi-gcc "../Core/Src/main.c" -mcpu=cortex-m0 -std=gnu11 -g3 -DDEBUG -DSTM32F030x8 -DUSE_FULL_LL_DRIVER -DHSE_VALUE=8000000 -DHSE_STARTUP_TIMEOUT=100 -DLSE_STARTUP_TIMEOUT=5000 -DLSE_VALUE=32768 -DHSI_VALUE=8000000 -DLSI_VALUE=40000 -DVDD_VALUE=3300 -DPREFETCH_ENABLE=1 -DINSTRUCTION_CACHE_ENABLE=0 -DDATA_CACHE_ENABLE=0 -c -I../Core/Inc -I../Drivers/STM32F0xx_HAL_Driver/Inc -I../Drivers/CMSIS/Device/ST/STM32F0xx/Include -I../Drivers/CMSIS/Include -O0 -ffunction-sections -fdata-sections -Wall -fstack-usage -fcyclomatic-complexity -MMD -MP -MF"Core/Src/main.d" -MT"Core/Src/main.o" --specs=nano.specs -mfloat-abi=soft -mthumb -o "Core/Src/main.o"
arm-none-eabi-gcc -o "lecture1.elf" @"objects.list"   -mcpu=cortex-m0 -T"C:\Users\240689\git\Microcontrollers\lecture1\STM32F030R8TX_FLASH.ld" --specs=nosys.specs -Wl,-Map="lecture1.map" -Wl,--gc-sections -static --specs=nano.specs -mfloat-abi=soft -mthumb -Wl,--start-group -lc -lm -Wl,--end-group
Finished building target: lecture1.elf
 
arm-none-eabi-size  lecture1.elf 
arm-none-eabi-objdump -h -S lecture1.elf  > "lecture1.list"
   text	   data	    bss	    dec	    hex	filename
   4968	      4	   1564	   6536	   1988	lecture1.elf
Finished building: default.size.stdout
 
Finished building: lecture1.list
 
11:49:56 **** Incremental Build of configuration Debug for project lecture1 ****
make -j4 all 
arm-none-eabi-gcc "../Core/Src/main.c" -mcpu=cortex-m0 -std=gnu11 -g3 -DDEBUG -DSTM32F030x8 -DUSE_FULL_LL_DRIVER -DHSE_VALUE=8000000 -DHSE_STARTUP_TIMEOUT=100 -DLSE_STARTUP_TIMEOUT=5000 -DLSE_VALUE=32768 -DHSI_VALUE=8000000 -DLSI_VALUE=40000 -DVDD_VALUE=3300 -DPREFETCH_ENABLE=1 -DINSTRUCTION_CACHE_ENABLE=0 -DDATA_CACHE_ENABLE=0 -c -I../Core/Inc -I../Drivers/STM32F0xx_HAL_Driver/Inc -I../Drivers/CMSIS/Device/ST/STM32F0xx/Include -I../Drivers/CMSIS/Include -O0 -ffunction-sections -fdata-sections -Wall -fstack-usage -fcyclomatic-complexity -MMD -MP -MF"Core/Src/main.d" -MT"Core/Src/main.o" --specs=nano.specs -mfloat-abi=soft -mthumb -o "Core/Src/main.o"
arm-none-eabi-gcc -o "lecture1.elf" @"objects.list"   -mcpu=cortex-m0 -T"C:\Users\240689\git\Microcontrollers\lecture1\STM32F030R8TX_FLASH.ld" --specs=nosys.specs -Wl,-Map="lecture1.map" -Wl,--gc-sections -static --specs=nano.specs -mfloat-abi=soft -mthumb -Wl,--start-group -lc -lm -Wl,--end-group
Finished building target: lecture1.elf
 
arm-none-eabi-size  lecture1.elf 
arm-none-eabi-objdump -h -S lecture1.elf  > "lecture1.list"
   text	   data	    bss	    dec	    hex	filename
   4960	      4	   1564	   6528	   1980	lecture1.elf
Finished building: default.size.stdout
 
Finished building: lecture1.list
 
11:51:24 **** Incremental Build of configuration Debug for project lecture1 ****
make -j4 all 
arm-none-eabi-gcc "../Core/Src/main.c" -mcpu=cortex-m0 -std=gnu11 -g3 -DDEBUG -DSTM32F030x8 -DUSE_FULL_LL_DRIVER -DHSE_VALUE=8000000 -DHSE_STARTUP_TIMEOUT=100 -DLSE_STARTUP_TIMEOUT=5000 -DLSE_VALUE=32768 -DHSI_VALUE=8000000 -DLSI_VALUE=40000 -DVDD_VALUE=3300 -DPREFETCH_ENABLE=1 -DINSTRUCTION_CACHE_ENABLE=0 -DDATA_CACHE_ENABLE=0 -c -I../Core/Inc -I../Drivers/STM32F0xx_HAL_Driver/Inc -I../Drivers/CMSIS/Device/ST/STM32F0xx/Include -I../Drivers/CMSIS/Include -O0 -ffunction-sections -fdata-sections -Wall -fstack-usage -fcyclomatic-complexity -MMD -MP -MF"Core/Src/main.d" -MT"Core/Src/main.o" --specs=nano.specs -mfloat-abi=soft -mthumb -o "Core/Src/main.o"
arm-none-eabi-gcc -o "lecture1.elf" @"objects.list"   -mcpu=cortex-m0 -T"C:\Users\240689\git\Microcontrollers\lecture1\STM32F030R8TX_FLASH.ld" --specs=nosys.specs -Wl,-Map="lecture1.map" -Wl,--gc-sections -static --specs=nano.specs -mfloat-abi=soft -mthumb -Wl,--start-group -lc -lm -Wl,--end-group
Finished building target: lecture1.elf
 
arm-none-eabi-size  lecture1.elf 
arm-none-eabi-objdump -h -S lecture1.elf  > "lecture1.list"
   text	   data	    bss	    dec	    hex	filename
   4976	      4	   1564	   6544	   1990	lecture1.elf
Finished building: default.size.stdout
 
Finished building: lecture1.list
 
11:51:52 **** Incremental Build of configuration Debug for project lecture1 ****
make -j4 all 
arm-none-eabi-gcc "../Core/Src/main.c" -mcpu=cortex-m0 -std=gnu11 -g3 -DDEBUG -DSTM32F030x8 -DUSE_FULL_LL_DRIVER -DHSE_VALUE=8000000 -DHSE_STARTUP_TIMEOUT=100 -DLSE_STARTUP_TIMEOUT=5000 -DLSE_VALUE=32768 -DHSI_VALUE=8000000 -DLSI_VALUE=40000 -DVDD_VALUE=3300 -DPREFETCH_ENABLE=1 -DINSTRUCTION_CACHE_ENABLE=0 -DDATA_CACHE_ENABLE=0 -c -I../Core/Inc -I../Drivers/STM32F0xx_HAL_Driver/Inc -I../Drivers/CMSIS/Device/ST/STM32F0xx/Include -I../Drivers/CMSIS/Include -O0 -ffunction-sections -fdata-sections -Wall -fstack-usage -fcyclomatic-complexity -MMD -MP -MF"Core/Src/main.d" -MT"Core/Src/main.o" --specs=nano.specs -mfloat-abi=soft -mthumb -o "Core/Src/main.o"
../Core/Src/main.c: In function 'main':
../Core/Src/main.c:105:24: error: lvalue required as left operand of assignment
  105 |         if ((sig && a) = 1){
      |                        ^
make: *** [Core/Src/subdir.mk:31: Core/Src/main.o] Error 1
"make -j4 all" terminated with exit code 2. Build might be incomplete.
11:52:04 **** Incremental Build of configuration Debug for project lecture1 ****
make -j4 all 
arm-none-eabi-gcc "../Core/Src/main.c" -mcpu=cortex-m0 -std=gnu11 -g3 -DDEBUG -DSTM32F030x8 -DUSE_FULL_LL_DRIVER -DHSE_VALUE=8000000 -DHSE_STARTUP_TIMEOUT=100 -DLSE_STARTUP_TIMEOUT=5000 -DLSE_VALUE=32768 -DHSI_VALUE=8000000 -DLSI_VALUE=40000 -DVDD_VALUE=3300 -DPREFETCH_ENABLE=1 -DINSTRUCTION_CACHE_ENABLE=0 -DDATA_CACHE_ENABLE=0 -c -I../Core/Inc -I../Drivers/STM32F0xx_HAL_Driver/Inc -I../Drivers/CMSIS/Device/ST/STM32F0xx/Include -I../Drivers/CMSIS/Include -O0 -ffunction-sections -fdata-sections -Wall -fstack-usage -fcyclomatic-complexity -MMD -MP -MF"Core/Src/main.d" -MT"Core/Src/main.o" --specs=nano.specs -mfloat-abi=soft -mthumb -o "Core/Src/main.o"
../Core/Src/main.c: In function 'main':
../Core/Src/main.c:105:23: error: lvalue required as left operand of assignment
  105 |         if ((sig & a) = 1){
      |                       ^
make: *** [Core/Src/subdir.mk:31: Core/Src/main.o] Error 1
"make -j4 all" terminated with exit code 2. Build might be incomplete.
11:52:13 **** Incremental Build of configuration Debug for project lecture1 ****
make -j4 all 
arm-none-eabi-gcc "../Core/Src/main.c" -mcpu=cortex-m0 -std=gnu11 -g3 -DDEBUG -DSTM32F030x8 -DUSE_FULL_LL_DRIVER -DHSE_VALUE=8000000 -DHSE_STARTUP_TIMEOUT=100 -DLSE_STARTUP_TIMEOUT=5000 -DLSE_VALUE=32768 -DHSI_VALUE=8000000 -DLSI_VALUE=40000 -DVDD_VALUE=3300 -DPREFETCH_ENABLE=1 -DINSTRUCTION_CACHE_ENABLE=0 -DDATA_CACHE_ENABLE=0 -c -I../Core/Inc -I../Drivers/STM32F0xx_HAL_Driver/Inc -I../Drivers/CMSIS/Device/ST/STM32F0xx/Include -I../Drivers/CMSIS/Include -O0 -ffunction-sections -fdata-sections -Wall -fstack-usage -fcyclomatic-complexity -MMD -MP -MF"Core/Src/main.d" -MT"Core/Src/main.o" --specs=nano.specs -mfloat-abi=soft -mthumb -o "Core/Src/main.o"
arm-none-eabi-gcc -o "lecture1.elf" @"objects.list"   -mcpu=cortex-m0 -T"C:\Users\240689\git\Microcontrollers\lecture1\STM32F030R8TX_FLASH.ld" --specs=nosys.specs -Wl,-Map="lecture1.map" -Wl,--gc-sections -static --specs=nano.specs -mfloat-abi=soft -mthumb -Wl,--start-group -lc -lm -Wl,--end-group
Finished building target: lecture1.elf
 
arm-none-eabi-size  lecture1.elf 
arm-none-eabi-objdump -h -S lecture1.elf  > "lecture1.list"
   text	   data	    bss	    dec	    hex	filename
   4976	      4	   1564	   6544	   1990	lecture1.elf
Finished building: default.size.stdout
 
Finished building: lecture1.list
 
11:53:19 **** Incremental Build of configuration Debug for project lecture1 ****
make -j4 all 
arm-none-eabi-gcc "../Core/Src/main.c" -mcpu=cortex-m0 -std=gnu11 -g3 -DDEBUG -DSTM32F030x8 -DUSE_FULL_LL_DRIVER -DHSE_VALUE=8000000 -DHSE_STARTUP_TIMEOUT=100 -DLSE_STARTUP_TIMEOUT=5000 -DLSE_VALUE=32768 -DHSI_VALUE=8000000 -DLSI_VALUE=40000 -DVDD_VALUE=3300 -DPREFETCH_ENABLE=1 -DINSTRUCTION_CACHE_ENABLE=0 -DDATA_CACHE_ENABLE=0 -c -I../Core/Inc -I../Drivers/STM32F0xx_HAL_Driver/Inc -I../Drivers/CMSIS/Device/ST/STM32F0xx/Include -I../Drivers/CMSIS/Include -O0 -ffunction-sections -fdata-sections -Wall -fstack-usage -fcyclomatic-complexity -MMD -MP -MF"Core/Src/main.d" -MT"Core/Src/main.o" --specs=nano.specs -mfloat-abi=soft -mthumb -o "Core/Src/main.o"
arm-none-eabi-gcc -o "lecture1.elf" @"objects.list"   -mcpu=cortex-m0 -T"C:\Users\240689\git\Microcontrollers\lecture1\STM32F030R8TX_FLASH.ld" --specs=nosys.specs -Wl,-Map="lecture1.map" -Wl,--gc-sections -static --specs=nano.specs -mfloat-abi=soft -mthumb -Wl,--start-group -lc -lm -Wl,--end-group
Finished building target: lecture1.elf
 
arm-none-eabi-size  lecture1.elf 
arm-none-eabi-objdump -h -S lecture1.elf  > "lecture1.list"
   text	   data	    bss	    dec	    hex	filename
   4968	      4	   1564	   6536	   1988	lecture1.elf
Finished building: default.size.stdout
 
Finished building: lecture1.list
 
11:53:29 **** Incremental Build of configuration Debug for project lecture1 ****
make -j4 all 
arm-none-eabi-size  lecture1.elf 
   text	   data	    bss	    dec	    hex	filename
   4968	      4	   1564	   6536	   1988	lecture1.elf
Finished building: default.size.stdout
 
11:54:37 **** Incremental Build of configuration Debug for project lecture1 ****
make -j4 all 
arm-none-eabi-gcc "../Core/Src/main.c" -mcpu=cortex-m0 -std=gnu11 -g3 -DDEBUG -DSTM32F030x8 -DUSE_FULL_LL_DRIVER -DHSE_VALUE=8000000 -DHSE_STARTUP_TIMEOUT=100 -DLSE_STARTUP_TIMEOUT=5000 -DLSE_VALUE=32768 -DHSI_VALUE=8000000 -DLSI_VALUE=40000 -DVDD_VALUE=3300 -DPREFETCH_ENABLE=1 -DINSTRUCTION_CACHE_ENABLE=0 -DDATA_CACHE_ENABLE=0 -c -I../Core/Inc -I../Drivers/STM32F0xx_HAL_Driver/Inc -I../Drivers/CMSIS/Device/ST/STM32F0xx/Include -I../Drivers/CMSIS/Include -O0 -ffunction-sections -fdata-sections -Wall -fstack-usage -fcyclomatic-complexity -MMD -MP -MF"Core/Src/main.d" -MT"Core/Src/main.o" --specs=nano.specs -mfloat-abi=soft -mthumb -o "Core/Src/main.o"
arm-none-eabi-gcc -o "lecture1.elf" @"objects.list"   -mcpu=cortex-m0 -T"C:\Users\240689\git\Microcontrollers\lecture1\STM32F030R8TX_FLASH.ld" --specs=nosys.specs -Wl,-Map="lecture1.map" -Wl,--gc-sections -static --specs=nano.specs -mfloat-abi=soft -mthumb -Wl,--start-group -lc -lm -Wl,--end-group
Finished building target: lecture1.elf
 
arm-none-eabi-size  lecture1.elf 
arm-none-eabi-objdump -h -S lecture1.elf  > "lecture1.list"
   text	   data	    bss	    dec	    hex	filename
   4964	      4	   1564	   6532	   1984	lecture1.elf
Finished building: default.size.stdout
 
Finished building: lecture1.list
 
11:55:21 **** Incremental Build of configuration Debug for project lecture1 ****
make -j4 all 
arm-none-eabi-gcc "../Core/Src/main.c" -mcpu=cortex-m0 -std=gnu11 -g3 -DDEBUG -DSTM32F030x8 -DUSE_FULL_LL_DRIVER -DHSE_VALUE=8000000 -DHSE_STARTUP_TIMEOUT=100 -DLSE_STARTUP_TIMEOUT=5000 -DLSE_VALUE=32768 -DHSI_VALUE=8000000 -DLSI_VALUE=40000 -DVDD_VALUE=3300 -DPREFETCH_ENABLE=1 -DINSTRUCTION_CACHE_ENABLE=0 -DDATA_CACHE_ENABLE=0 -c -I../Core/Inc -I../Drivers/STM32F0xx_HAL_Driver/Inc -I../Drivers/CMSIS/Device/ST/STM32F0xx/Include -I../Drivers/CMSIS/Include -O0 -ffunction-sections -fdata-sections -Wall -fstack-usage -fcyclomatic-complexity -MMD -MP -MF"Core/Src/main.d" -MT"Core/Src/main.o" --specs=nano.specs -mfloat-abi=soft -mthumb -o "Core/Src/main.o"
arm-none-eabi-gcc -o "lecture1.elf" @"objects.list"   -mcpu=cortex-m0 -T"C:\Users\240689\git\Microcontrollers\lecture1\STM32F030R8TX_FLASH.ld" --specs=nosys.specs -Wl,-Map="lecture1.map" -Wl,--gc-sections -static --specs=nano.specs -mfloat-abi=soft -mthumb -Wl,--start-group -lc -lm -Wl,--end-group
Finished building target: lecture1.elf
 
arm-none-eabi-size  lecture1.elf 
arm-none-eabi-objdump -h -S lecture1.elf  > "lecture1.list"
   text	   data	    bss	    dec	    hex	filename
   4972	      4	   1564	   6540	   198c	lecture1.elf
Finished building: default.size.stdout
 
Finished building: lecture1.list
 
